Archive member included because of file (symbol)

c:/winavr-20100110/bin/../lib/gcc/avr/4.3.3/avr5\libgcc.a(_mulsi3.o)
                              ps2main.o (__mulsi3)
c:/winavr-20100110/bin/../lib/gcc/avr/4.3.3/avr5\libgcc.a(_udivmodqi4.o)
                              ps2main.o (__udivmodqi4)
c:/winavr-20100110/bin/../lib/gcc/avr/4.3.3/avr5\libgcc.a(_udivmodhi4.o)
                              led/ledM3.o (__udivmodhi4)
c:/winavr-20100110/bin/../lib/gcc/avr/4.3.3/avr5\libgcc.a(_divmodhi4.o)
                              ps2main.o (__divmodhi4)
c:/winavr-20100110/bin/../lib/gcc/avr/4.3.3/avr5\libgcc.a(_udivmodsi4.o)
                              ./avrlib/timer.o (__udivmodsi4)
c:/winavr-20100110/bin/../lib/gcc/avr/4.3.3/avr5\libgcc.a(_divmodsi4.o)
                              ps2main.o (__divmodsi4)
c:/winavr-20100110/bin/../lib/gcc/avr/4.3.3/avr5\libgcc.a(_exit.o)
                              c:/winavr-20100110/bin/../lib/gcc/avr/4.3.3/../../../../avr/lib/avr5/crtm32.o (exit)
c:/winavr-20100110/bin/../lib/gcc/avr/4.3.3/avr5\libgcc.a(_copy_data.o)
                              usbdrv/usbdrv.o (__do_copy_data)
c:/winavr-20100110/bin/../lib/gcc/avr/4.3.3/avr5\libgcc.a(_clear_bss.o)
                              usbdrv/usbdrv.o (__do_clear_bss)
c:/winavr-20100110/bin/../lib/gcc/avr/4.3.3/../../../../avr/lib/avr5\libc.a(memset.o)
                              usbmain.o (memset)
c:/winavr-20100110/bin/../lib/gcc/avr/4.3.3/../../../../avr/lib/avr5\libc.a(eerd_byte_atmega32.o)
                              matrix/matrix.o (__eerd_byte_m32)
c:/winavr-20100110/bin/../lib/gcc/avr/4.3.3/../../../../avr/lib/avr5\libc.a(eewr_byte_atmega32.o)
                              matrix/matrix.o (__eewr_byte_m32)

Allocating common symbols
Common symbol       size              file

usbTxBuf            0xb               usbdrv/usbdrv.o
LEDstate            0x1               led/ledM3.o
usbmode             0x1               main.o
svkeyidx            0x68              matrix/matrix.o
macrokeypushedcnt   0x2               matrix/matrix.o
MATRIX              0x10              matrix/matrix.o
extraReport         0x3               usbmain.o
usbTxStatus1        0xc               usbdrv/usbdrv.o
debounceMATRIX      0x68              matrix/matrix.o
Timer0Reg0          0x4               ./avrlib/timer.o
TimerPauseReg       0x4               ./avrlib/timer.o
lastState           0x1               ps2main.o
ledPRTIndicatorIndex
                    0x1               led/ledM3.o
Timer2Reg0          0x4               ./avrlib/timer.o
curMATRIX           0x10              matrix/matrix.o
oldextraReport      0x3               usbmain.o
ledmodeIndex        0x1               led/ledM3.o
ledESCIndicatorTimer
                    0x1               led/ledM3.o
usbDeviceAddr       0x1               usbdrv/usbdrv.o
usbRxToken          0x1               usbdrv/usbdrv.o
usbInputBufOffset   0x1               usbdrv/usbdrv.o
ledESCIndicatorIndex
                    0x1               led/ledM3.o
KFLA                0x100             matrix/keymap.o
reportIndex         0x1               usbmain.o
lastSent            0x1               ps2main.o
m_state             0x1               ps2main.o
ledPRTIndicatorTimer
                    0x1               led/ledM3.o
macroresetcnt       0x2               matrix/matrix.o
keylockcnt          0x2               matrix/matrix.o
usbMsgPtr           0x2               usbdrv/usbdrv.o
usbRxLen            0x1               usbdrv/usbdrv.o
kbd_state           0x1               keysta.o
usbNewDeviceAddr    0x1               usbdrv/usbdrv.o
matrixFN            0x5               matrix/matrix.o
usbCurrentTok       0x1               usbdrv/usbdrv.o
kbd_flags           0x1               keysta.o
usbConfiguration    0x1               usbdrv/usbdrv.o
usbRxBuf            0x16              usbdrv/usbdrv.o
usbTxStatus3        0xc               usbdrv/usbdrv.o
ledkeypushedcnt     0x2               matrix/matrix.o
winkeylockcnt       0x2               matrix/matrix.o

Memory Configuration

Name             Origin             Length             Attributes
text             0x00000000         0x00020000         xr
data             0x00800060         0x0000ffa0         rw !x
eeprom           0x00810000         0x00010000         rw !x
fuse             0x00820000         0x00000400         rw !x
lock             0x00830000         0x00000400         rw !x
signature        0x00840000         0x00000400         rw !x
*default*        0x00000000         0xffffffff

Linker script and memory map

LOAD c:/winavr-20100110/bin/../lib/gcc/avr/4.3.3/../../../../avr/lib/avr5/crtm32.o
LOAD usbdrv/usbdrvasm.o
LOAD usbdrv/usbdrv.o
LOAD usbdrv/oddebug.o
LOAD matrix/matrix.o
LOAD matrix/keymap.o
LOAD macro/macro.o
LOAD usbmain.o
LOAD ps2main.o
LOAD keysta.o
LOAD main.o
LOAD ./avrlib/timer.o
LOAD led/ledM3.o
Address of section .appinboot set to 0x7c00
LOAD c:/winavr-20100110/bin/../lib/gcc/avr/4.3.3/avr5\libgcc.a
LOAD c:/winavr-20100110/bin/../lib/gcc/avr/4.3.3/../../../../avr/lib/avr5\libc.a
LOAD c:/winavr-20100110/bin/../lib/gcc/avr/4.3.3/avr5\libgcc.a

.hash
 *(.hash)

.dynsym
 *(.dynsym)

.dynstr
 *(.dynstr)

.gnu.version
 *(.gnu.version)

.gnu.version_d
 *(.gnu.version_d)

.gnu.version_r
 *(.gnu.version_r)

.rel.init
 *(.rel.init)

.rela.init
 *(.rela.init)

.rel.text
 *(.rel.text)
 *(.rel.text.*)
 *(.rel.gnu.linkonce.t*)

.rela.text
 *(.rela.text)
 *(.rela.text.*)
 *(.rela.gnu.linkonce.t*)

.rel.fini
 *(.rel.fini)

.rela.fini
 *(.rela.fini)

.rel.rodata
 *(.rel.rodata)
 *(.rel.rodata.*)
 *(.rel.gnu.linkonce.r*)

.rela.rodata
 *(.rela.rodata)
 *(.rela.rodata.*)
 *(.rela.gnu.linkonce.r*)

.rel.data
 *(.rel.data)
 *(.rel.data.*)
 *(.rel.gnu.linkonce.d*)

.rela.data
 *(.rela.data)
 *(.rela.data.*)
 *(.rela.gnu.linkonce.d*)

.rel.ctors
 *(.rel.ctors)

.rela.ctors
 *(.rela.ctors)

.rel.dtors
 *(.rel.dtors)

.rela.dtors
 *(.rela.dtors)

.rel.got
 *(.rel.got)

.rela.got
 *(.rela.got)

.rel.bss
 *(.rel.bss)

.rela.bss
 *(.rela.bss)

.rel.plt
 *(.rel.plt)

.rela.plt
 *(.rela.plt)

.text           0x00000000     0x3904
 *(.vectors)
 .vectors       0x00000000       0x54 c:/winavr-20100110/bin/../lib/gcc/avr/4.3.3/../../../../avr/lib/avr5/crtm32.o
                0x00000000                __vectors
                0x00000000                __vector_default
 *(.vectors)
 *(.progmem.gcc*)
 .progmem.gcc_sw_table
                0x00000054       0xbe macro/macro.o
 *(.progmem*)
 .progmem.data  0x00000112       0x34 usbdrv/usbdrv.o
                0x00000134                usbDescriptorDevice
                0x00000112                usbDescriptorString0
                0x00000116                usbDescriptorStringVendor
                0x00000122                usbDescriptorStringDevice
 .progmem.data  0x00000146      0x14a matrix/keymap.o
                0x00000252                keycode_set2_extend
                0x00000146                keycode_set2
                0x00000246                keycode_set2_special
                0x0000024e                keycode_set2_make_break
                0x0000024a                keycode_set2_makeonly
                0x00000280                keycode_set2_proc_shift
 .progmem.data  0x00000290       0x50 macro/macro.o
                0x00000290                macrostart
                0x000002a4                macroend
                0x000002b8                mresetstart
                0x000002cc                macroresetdone
 .progmem.data  0x000002e0       0xfd usbmain.o
                0x000003a2                usbDescriptorConfiguration
                0x0000031f                mouse_hid_report
                0x000002e0                keyboard_hid_report
 .progmem.data  0x000003dd       0x1c ./avrlib/timer.o
                0x000003e9                TimerRTCPrescaleFactor
                0x000003dd                TimerPrescaleFactor
                0x000003fa                . = ALIGN (0x2)
 *fill*         0x000003f9        0x1 00
                0x000003fa                __trampolines_start = .
 *(.trampolines)
 .trampolines   0x000003fa        0x0 linker stubs
 *(.trampolines*)
                0x000003fa                __trampolines_end = .
 *(.jumptables)
 *(.jumptables*)
 *(.lowtext)
 *(.lowtext*)
                0x000003fa                __ctors_start = .
 *(.ctors)
                0x000003fa                __ctors_end = .
                0x000003fa                __dtors_start = .
 *(.dtors)
                0x000003fa                __dtors_end = .
 SORT(*)(.ctors)
 SORT(*)(.dtors)
 *(.init0)
 .init0         0x000003fa        0x0 c:/winavr-20100110/bin/../lib/gcc/avr/4.3.3/../../../../avr/lib/avr5/crtm32.o
                0x000003fa                __init
 *(.init0)
 *(.init1)
 *(.init1)
 *(.init2)
 .init2         0x000003fa        0xc c:/winavr-20100110/bin/../lib/gcc/avr/4.3.3/../../../../avr/lib/avr5/crtm32.o
 *(.init2)
 *(.init3)
 *(.init3)
 *(.init4)
 .init4         0x00000406       0x16 c:/winavr-20100110/bin/../lib/gcc/avr/4.3.3/avr5\libgcc.a(_copy_data.o)
                0x00000406                __do_copy_data
 .init4         0x0000041c       0x10 c:/winavr-20100110/bin/../lib/gcc/avr/4.3.3/avr5\libgcc.a(_clear_bss.o)
                0x0000041c                __do_clear_bss
 *(.init4)
 *(.init5)
 *(.init5)
 *(.init6)
 *(.init6)
 *(.init7)
 *(.init7)
 *(.init8)
 *(.init8)
 *(.init9)
 .init9         0x0000042c        0x8 c:/winavr-20100110/bin/../lib/gcc/avr/4.3.3/../../../../avr/lib/avr5/crtm32.o
 *(.init9)
 *(.text)
 .text          0x00000434        0x4 c:/winavr-20100110/bin/../lib/gcc/avr/4.3.3/../../../../avr/lib/avr5/crtm32.o
                0x00000434                __vector_12
                0x00000434                __bad_interrupt
                0x00000434                __vector_3
                0x00000434                __vector_13
                0x00000434                __vector_17
                0x00000434                __vector_19
                0x00000434                __vector_2
                0x00000434                __vector_15
                0x00000434                __vector_14
                0x00000434                __vector_16
                0x00000434                __vector_18
                0x00000434                __vector_20
 .text          0x00000438      0x2bc usbdrv/usbdrvasm.o
                0x0000046a                __vector_1
                0x00000438                usbCrc16
                0x00000462                usbCrc16Append
 .text          0x000006f4      0x296 usbdrv/usbdrv.o
                0x00000716                usbPoll
                0x00000976                usbSetInterrupt3
                0x00000980                usbSetInterrupt
                0x000006f4                usbInit
 .text          0x0000098a        0x0 usbdrv/oddebug.o
 .text          0x0000098a      0xacc matrix/matrix.o
                0x0000098a                getLayer
                0x00000f1a                processReleasedFNkeys
                0x00000a9a                cntKey
                0x00000d74                scanmatrix
                0x0000128c                keymap_init
                0x00000cca                processPushedFNkeys
                0x00000a36                swap_key
                0x00000a80                swap_save
                0x00000faa                scankey
 .text          0x00001456        0x0 matrix/keymap.o
 .text          0x00001456      0x8b2 macro/macro.o
                0x000016e8                usbSendReport
                0x00001906                resetMacro
                0x0000159a                playMacroPS2
                0x00001732                clearKey
                0x0000155e                flash_writeinpage
                0x000019d0                recordMacro
                0x0000155c                getkey
                0x00001534                initMacroAddr
                0x000018a8                sendString
                0x00001744                sendKey
                0x000017bc                playMacroUSB
                0x00001952                printModifier
                0x00001456                charToKey
 .text          0x00001d08      0x466 usbmain.o
                0x00001d08                usbFunctionDescriptor
                0x0000200e                clearReportBuffer
                0x00002042                saveReportBuffer
                0x00001d7c                usbFunctionSetup
                0x00001e10                bufcmp
                0x00001e3a                cmpReportBuffer
                0x00002056                usbmain
                0x0000202e                restoreReportBuffer
                0x00001ea8                buildHIDreports
                0x00001e84                togglescr
                0x00001e60                togglecaps
                0x0000214e                usbFunctionWrite
 .text          0x0000216e      0x62e ps2main.o
                0x0000273a                ps2main
                0x00002286                putKey
                0x000023b8                processTX
                0x000023a0                tx_state
                0x000025bc                processRX
                0x0000224c                clear
                0x000021f6                pop
                0x0000222e                isEmpty
                0x0000216e                push
 .text          0x0000279c      0x280 keysta.o
                0x000027ba                kbd_get_rx_char
                0x000029ea                kbd_init
                0x0000279c                kbd_set_tx
 .text          0x00002a1c       0xe8 main.o
                0x00002a1c                enable_printf
                0x00002a1e                DPpullEn
                0x00002a52                checkInterface
                0x00002a8e                main
                0x00002a36                portInit
 .text          0x00002b04      0x6dc ./avrlib/timer.o
                0x00002d98                timer2GetOverflowCount
                0x00002c34                timerDetach
                0x00002bbc                timer1SetPrescaler
                0x00002e62                timer2PWMInit
                0x00002e8e                timer2PWMSet
                0x00002e54                timer1PWMBOff
                0x00002c04                timer2GetPrescaler
                0x00002baa                timer2IntEnable
                0x0000312c                __vector_6
                0x00002b64                timer0Init
                0x00002e46                timer1PWMAOff
                0x00002e98                timer1PWMBSet
                0x00002e72                timer2PWMOn
                0x00002e9e                __vector_11
                0x00002dde                timer1PWMInitICR
                0x00002bd0                timer0GetPrescaler
                0x00003078                __vector_7
                0x00002e80                timer2PWMOff
                0x00002d70                timer0GetOverflowCount
                0x00002f9e                __vector_5
                0x00002b06                timerInit
                0x00002bc6                timer2SetPrescaler
                0x00002e2a                timer1PWMAOn
                0x00002bb2                timer0SetPrescaler
                0x00002b04                delay_us
                0x00003186                __vector_4
                0x00002d5e                timer0ClearOverflowCount
                0x00002f44                __vector_9
                0x00002b80                timer1Init
                0x00002dae                timer1PWMInit
                0x00002e38                timer1PWMBOn
                0x00002b8e                timer2Init
                0x000030d2                __vector_8
                0x00002e92                timer1PWMASet
                0x00002c1e                timerAttach
                0x00002e04                timer1PWMOff
                0x0000301e                __vector_10
                0x00002bea                timer1GetPrescaler
                0x00002d86                timer2ClearOverflowCount
                0x00002c4a                timerPause
 .text          0x000031e0      0x5ca led/ledM3.o
                0x000035fa                led_fader
                0x00003218                led_PRTIndicater
                0x00003456                led_blink
                0x0000332a                led_3lockupdate
                0x00003216                led_ESCIndicater
                0x0000321a                led_pushed_level_cal
                0x0000325e                led_wave_set
                0x0000351c                led_mode_change
                0x000034de                led_wave_on
                0x000032ea                led_on
                0x00003250                led_mode_save
                0x000033cc                led_check
                0x000031e0                led_off
                0x000032ac                led_wave_off
                0x00003588                led_mode_init
 .text          0x000037aa        0x0 c:/winavr-20100110/bin/../lib/gcc/avr/4.3.3/avr5\libgcc.a(_mulsi3.o)
 .text          0x000037aa        0x0 c:/winavr-20100110/bin/../lib/gcc/avr/4.3.3/avr5\libgcc.a(_udivmodqi4.o)
 .text          0x000037aa        0x0 c:/winavr-20100110/bin/../lib/gcc/avr/4.3.3/avr5\libgcc.a(_udivmodhi4.o)
 .text          0x000037aa        0x0 c:/winavr-20100110/bin/../lib/gcc/avr/4.3.3/avr5\libgcc.a(_divmodhi4.o)
 .text          0x000037aa        0x0 c:/winavr-20100110/bin/../lib/gcc/avr/4.3.3/avr5\libgcc.a(_udivmodsi4.o)
 .text          0x000037aa        0x0 c:/winavr-20100110/bin/../lib/gcc/avr/4.3.3/avr5\libgcc.a(_divmodsi4.o)
 .text          0x000037aa        0x0 c:/winavr-20100110/bin/../lib/gcc/avr/4.3.3/avr5\libgcc.a(_exit.o)
 .text          0x000037aa        0x0 c:/winavr-20100110/bin/../lib/gcc/avr/4.3.3/avr5\libgcc.a(_copy_data.o)
 .text          0x000037aa        0x0 c:/winavr-20100110/bin/../lib/gcc/avr/4.3.3/avr5\libgcc.a(_clear_bss.o)
 .text          0x000037aa        0x0 c:/winavr-20100110/bin/../lib/gcc/avr/4.3.3/../../../../avr/lib/avr5\libc.a(memset.o)
 .text          0x000037aa        0x0 c:/winavr-20100110/bin/../lib/gcc/avr/4.3.3/../../../../avr/lib/avr5\libc.a(eerd_byte_atmega32.o)
 .text          0x000037aa        0x0 c:/winavr-20100110/bin/../lib/gcc/avr/4.3.3/../../../../avr/lib/avr5\libc.a(eewr_byte_atmega32.o)
                0x000037aa                . = ALIGN (0x2)
 *(.text.*)
 .text.libgcc   0x000037aa       0x3e c:/winavr-20100110/bin/../lib/gcc/avr/4.3.3/avr5\libgcc.a(_mulsi3.o)
                0x000037aa                __mulsi3
 .text.libgcc   0x000037e8       0x18 c:/winavr-20100110/bin/../lib/gcc/avr/4.3.3/avr5\libgcc.a(_udivmodqi4.o)
                0x000037e8                __udivmodqi4
 .text.libgcc   0x00003800       0x28 c:/winavr-20100110/bin/../lib/gcc/avr/4.3.3/avr5\libgcc.a(_udivmodhi4.o)
                0x00003800                __udivmodhi4
 .text.libgcc   0x00003828       0x26 c:/winavr-20100110/bin/../lib/gcc/avr/4.3.3/avr5\libgcc.a(_divmodhi4.o)
                0x00003828                __divmodhi4
                0x00003828                _div
 .text.libgcc   0x0000384e       0x44 c:/winavr-20100110/bin/../lib/gcc/avr/4.3.3/avr5\libgcc.a(_udivmodsi4.o)
                0x0000384e                __udivmodsi4
 .text.libgcc   0x00003892       0x36 c:/winavr-20100110/bin/../lib/gcc/avr/4.3.3/avr5\libgcc.a(_divmodsi4.o)
                0x00003892                __divmodsi4
 .text.libgcc   0x000038c8        0x0 c:/winavr-20100110/bin/../lib/gcc/avr/4.3.3/avr5\libgcc.a(_exit.o)
 .text.libgcc   0x000038c8        0x0 c:/winavr-20100110/bin/../lib/gcc/avr/4.3.3/avr5\libgcc.a(_copy_data.o)
 .text.libgcc   0x000038c8        0x0 c:/winavr-20100110/bin/../lib/gcc/avr/4.3.3/avr5\libgcc.a(_clear_bss.o)
 .text.avr-libc
                0x000038c8        0xe c:/winavr-20100110/bin/../lib/gcc/avr/4.3.3/../../../../avr/lib/avr5\libc.a(memset.o)
                0x000038c8                memset
 .text.avr-libc
                0x000038d6       0x10 c:/winavr-20100110/bin/../lib/gcc/avr/4.3.3/../../../../avr/lib/avr5\libc.a(eerd_byte_atmega32.o)
                0x000038d6                __eerd_byte_m32
 .text.avr-libc
                0x000038e6       0x1a c:/winavr-20100110/bin/../lib/gcc/avr/4.3.3/../../../../avr/lib/avr5\libc.a(eewr_byte_atmega32.o)
                0x000038e8                __eewr_r18_m32
                0x000038e6                __eewr_byte_m32
                0x00003900                . = ALIGN (0x2)
 *(.fini9)
 .fini9         0x00003900        0x0 c:/winavr-20100110/bin/../lib/gcc/avr/4.3.3/avr5\libgcc.a(_exit.o)
                0x00003900                exit
                0x00003900                _exit
 *(.fini9)
 *(.fini8)
 *(.fini8)
 *(.fini7)
 *(.fini7)
 *(.fini6)
 *(.fini6)
 *(.fini5)
 *(.fini5)
 *(.fini4)
 *(.fini4)
 *(.fini3)
 *(.fini3)
 *(.fini2)
 *(.fini2)
 *(.fini1)
 *(.fini1)
 *(.fini0)
 .fini0         0x00003900        0x4 c:/winavr-20100110/bin/../lib/gcc/avr/4.3.3/avr5\libgcc.a(_exit.o)
 *(.fini0)
                0x00003904                _etext = .

.data           0x00800060      0x104 load address 0x00003904
                0x00800060                PROVIDE (__data_start, .)
 *(.data)
 .data          0x00800060        0x0 c:/winavr-20100110/bin/../lib/gcc/avr/4.3.3/../../../../avr/lib/avr5/crtm32.o
 .data          0x00800060        0x0 usbdrv/usbdrvasm.o
 .data          0x00800060        0x2 usbdrv/usbdrv.o
                0x00800060                usbTxLen
 .data          0x00800062        0x0 usbdrv/oddebug.o
 .data          0x00800062        0x2 matrix/matrix.o
                0x00800063                swapAltGui
                0x00800062                swapCtrlCaps
 .data          0x00800064       0x14 matrix/keymap.o
                0x00800064                keymap
 .data          0x00800078        0x2 macro/macro.o
 .data          0x0080007a        0x3 usbmain.o
                0x0080007a                Bootloader
 .data          0x0080007d        0x5 ps2main.o
 .data          0x00800082        0x0 keysta.o
 .data          0x00800082        0x0 main.o
 .data          0x00800082        0x0 ./avrlib/timer.o
 .data          0x00800082       0xe1 led/ledM3.o
                0x008000e2                ledPRTIndicator
                0x00800082                ledESCIndicator
 .data          0x00800163        0x0 c:/winavr-20100110/bin/../lib/gcc/avr/4.3.3/avr5\libgcc.a(_mulsi3.o)
 .data          0x00800163        0x0 c:/winavr-20100110/bin/../lib/gcc/avr/4.3.3/avr5\libgcc.a(_udivmodqi4.o)
 .data          0x00800163        0x0 c:/winavr-20100110/bin/../lib/gcc/avr/4.3.3/avr5\libgcc.a(_udivmodhi4.o)
 .data          0x00800163        0x0 c:/winavr-20100110/bin/../lib/gcc/avr/4.3.3/avr5\libgcc.a(_divmodhi4.o)
 .data          0x00800163        0x0 c:/winavr-20100110/bin/../lib/gcc/avr/4.3.3/avr5\libgcc.a(_udivmodsi4.o)
 .data          0x00800163        0x0 c:/winavr-20100110/bin/../lib/gcc/avr/4.3.3/avr5\libgcc.a(_divmodsi4.o)
 .data          0x00800163        0x0 c:/winavr-20100110/bin/../lib/gcc/avr/4.3.3/avr5\libgcc.a(_exit.o)
 .data          0x00800163        0x0 c:/winavr-20100110/bin/../lib/gcc/avr/4.3.3/avr5\libgcc.a(_copy_data.o)
 .data          0x00800163        0x0 c:/winavr-20100110/bin/../lib/gcc/avr/4.3.3/avr5\libgcc.a(_clear_bss.o)
 .data          0x00800163        0x0 c:/winavr-20100110/bin/../lib/gcc/avr/4.3.3/../../../../avr/lib/avr5\libc.a(memset.o)
 .data          0x00800163        0x0 c:/winavr-20100110/bin/../lib/gcc/avr/4.3.3/../../../../avr/lib/avr5\libc.a(eerd_byte_atmega32.o)
 .data          0x00800163        0x0 c:/winavr-20100110/bin/../lib/gcc/avr/4.3.3/../../../../avr/lib/avr5\libc.a(eewr_byte_atmega32.o)
 *(.data*)
 *(.rodata)
 *(.rodata*)
 *(.gnu.linkonce.d*)
                0x00800164                . = ALIGN (0x2)
 *fill*         0x00800163        0x1 00
                0x00800164                _edata = .
                0x00800164                PROVIDE (__data_end, .)

.bss            0x00800164      0x59c
                0x00800164                PROVIDE (__bss_start, .)
 *(.bss)
 .bss           0x00800164        0x0 c:/winavr-20100110/bin/../lib/gcc/avr/4.3.3/../../../../avr/lib/avr5/crtm32.o
 .bss           0x00800164        0x0 usbdrv/usbdrvasm.o
 .bss           0x00800164        0x1 usbdrv/usbdrv.o
 .bss           0x00800165        0x0 usbdrv/oddebug.o
 .bss           0x00800165       0x12 matrix/matrix.o
                0x00800175                isLED3000
                0x0080016a                kbdsleepmode
                0x00800176                isFNpushed
                0x00800171                cntLAlt
                0x00800173                cntLGui
                0x00800165                scankeycntms
                0x00800169                layer
                0x0080016b                ledPortBackup
                0x0080016d                cntLcaps
                0x0080016c                keylock
                0x0080016f                cntLctrl
 .bss           0x00800177        0x0 matrix/keymap.o
 .bss           0x00800177      0x190 macro/macro.o
                0x00800277                MacroAddr
                0x00800177                macrobuffer
 .bss           0x00800307       0x16 usbmain.o
                0x00800307                interfaceReady
                0x00800309                usbRollOver
                0x00800308                expectReport
                0x0080030b                toggle2
                0x0080030a                toggle
 .bss           0x0080031d       0xdf ps2main.o
                0x0080031d                txScanCode
 .bss           0x008003fc        0x4 keysta.o
 .bss           0x00800400        0x0 main.o
 .bss           0x00800400       0x10 ./avrlib/timer.o
 .bss           0x00800410       0x90 led/ledM3.o
                0x00800410                ledmode
 .bss           0x008004a0        0x0 c:/winavr-20100110/bin/../lib/gcc/avr/4.3.3/avr5\libgcc.a(_mulsi3.o)
 .bss           0x008004a0        0x0 c:/winavr-20100110/bin/../lib/gcc/avr/4.3.3/avr5\libgcc.a(_udivmodqi4.o)
 .bss           0x008004a0        0x0 c:/winavr-20100110/bin/../lib/gcc/avr/4.3.3/avr5\libgcc.a(_udivmodhi4.o)
 .bss           0x008004a0        0x0 c:/winavr-20100110/bin/../lib/gcc/avr/4.3.3/avr5\libgcc.a(_divmodhi4.o)
 .bss           0x008004a0        0x0 c:/winavr-20100110/bin/../lib/gcc/avr/4.3.3/avr5\libgcc.a(_udivmodsi4.o)
 .bss           0x008004a0        0x0 c:/winavr-20100110/bin/../lib/gcc/avr/4.3.3/avr5\libgcc.a(_divmodsi4.o)
 .bss           0x008004a0        0x0 c:/winavr-20100110/bin/../lib/gcc/avr/4.3.3/avr5\libgcc.a(_exit.o)
 .bss           0x008004a0        0x0 c:/winavr-20100110/bin/../lib/gcc/avr/4.3.3/avr5\libgcc.a(_copy_data.o)
 .bss           0x008004a0        0x0 c:/winavr-20100110/bin/../lib/gcc/avr/4.3.3/avr5\libgcc.a(_clear_bss.o)
 .bss           0x008004a0        0x0 c:/winavr-20100110/bin/../lib/gcc/avr/4.3.3/../../../../avr/lib/avr5\libc.a(memset.o)
 .bss           0x008004a0        0x0 c:/winavr-20100110/bin/../lib/gcc/avr/4.3.3/../../../../avr/lib/avr5\libc.a(eerd_byte_atmega32.o)
 .bss           0x008004a0        0x0 c:/winavr-20100110/bin/../lib/gcc/avr/4.3.3/../../../../avr/lib/avr5\libc.a(eewr_byte_atmega32.o)
 *(.bss*)
 *(COMMON)
 COMMON         0x008004a0       0x42 usbdrv/usbdrv.o
                0x008004a0                usbTxBuf
                0x008004ab                usbTxStatus1
                0x008004b7                usbDeviceAddr
                0x008004b8                usbRxToken
                0x008004b9                usbInputBufOffset
                0x008004ba                usbMsgPtr
                0x008004bc                usbRxLen
                0x008004bd                usbNewDeviceAddr
                0x008004be                usbCurrentTok
                0x008004bf                usbConfiguration
                0x008004c0                usbRxBuf
                0x008004d6                usbTxStatus3
 COMMON         0x008004e2       0xff matrix/matrix.o
                0x008004e2                svkeyidx
                0x0080054a                macrokeypushedcnt
                0x0080054c                MATRIX
                0x0080055c                debounceMATRIX
                0x008005c4                curMATRIX
                0x008005d4                macroresetcnt
                0x008005d6                keylockcnt
                0x008005d8                matrixFN
                0x008005dd                ledkeypushedcnt
                0x008005df                winkeylockcnt
 COMMON         0x008005e1      0x100 matrix/keymap.o
                0x008005e1                KFLA
 COMMON         0x008006e1        0x7 usbmain.o
                0x008006e1                extraReport
                0x008006e4                oldextraReport
                0x008006e7                reportIndex
 COMMON         0x008006e8        0x3 ps2main.o
                0x008006e8                lastState
                0x008006e9                lastSent
                0x008006ea                m_state
 COMMON         0x008006eb        0x2 keysta.o
                0x008006eb                kbd_state
                0x008006ec                kbd_flags
 COMMON         0x008006ed        0x1 main.o
                0x008006ed                usbmode
 COMMON         0x008006ee        0xc ./avrlib/timer.o
                0x008006ee                Timer0Reg0
                0x008006f2                TimerPauseReg
                0x008006f6                Timer2Reg0
 COMMON         0x008006fa        0x6 led/ledM3.o
                0x008006fa                LEDstate
                0x008006fb                ledPRTIndicatorIndex
                0x008006fc                ledmodeIndex
                0x008006fd                ledESCIndicatorTimer
                0x008006fe                ledESCIndicatorIndex
                0x008006ff                ledPRTIndicatorTimer
                0x00800700                PROVIDE (__bss_end, .)
                0x00003904                __data_load_start = LOADADDR (.data)
                0x00003a08                __data_load_end = (__data_load_start + SIZEOF (.data))

.noinit         0x00800700        0x0
                0x00800700                PROVIDE (__noinit_start, .)
 *(.noinit*)
                0x00800700                PROVIDE (__noinit_end, .)
                0x00800700                _end = .
                0x00800700                PROVIDE (__heap_start, .)

.eeprom         0x00810000        0x0
 *(.eeprom*)
                0x00810000                __eeprom_end = .

.fuse
 *(.fuse)
 *(.lfuse)
 *(.hfuse)
 *(.efuse)

.lock
 *(.lock*)

.signature
 *(.signature*)

.stab
 *(.stab)

.stabstr
 *(.stabstr)

.stab.excl
 *(.stab.excl)

.stab.exclstr
 *(.stab.exclstr)

.stab.index
 *(.stab.index)

.stab.indexstr
 *(.stab.indexstr)

.comment
 *(.comment)

.debug
 *(.debug)

.line
 *(.line)

.debug_srcinfo
 *(.debug_srcinfo)

.debug_sfnames
 *(.debug_sfnames)

.debug_aranges  0x00000000      0x128
 *(.debug_aranges)
 .debug_aranges
                0x00000000       0x20 usbdrv/usbdrv.o
 .debug_aranges
                0x00000020       0x20 matrix/matrix.o
 .debug_aranges
                0x00000040       0x28 macro/macro.o
 .debug_aranges
                0x00000068       0x20 usbmain.o
 .debug_aranges
                0x00000088       0x20 ps2main.o
 .debug_aranges
                0x000000a8       0x20 keysta.o
 .debug_aranges
                0x000000c8       0x20 main.o
 .debug_aranges
                0x000000e8       0x20 ./avrlib/timer.o
 .debug_aranges
                0x00000108       0x20 led/ledM3.o

.debug_pubnames
                0x00000000      0xdff
 *(.debug_pubnames)
 .debug_pubnames
                0x00000000      0x197 usbdrv/usbdrv.o
 .debug_pubnames
                0x00000197      0x1fe matrix/matrix.o
 .debug_pubnames
                0x00000395       0xba matrix/keymap.o
 .debug_pubnames
                0x0000044f      0x14b macro/macro.o
 .debug_pubnames
                0x0000059a      0x1ce usbmain.o
 .debug_pubnames
                0x00000768       0xaf ps2main.o
 .debug_pubnames
                0x00000817       0x5e keysta.o
 .debug_pubnames
                0x00000875       0x66 main.o
 .debug_pubnames
                0x000008db      0x35a ./avrlib/timer.o
 .debug_pubnames
                0x00000c35      0x1ca led/ledM3.o

.debug_info     0x00000000     0x5c3a
 *(.debug_info)
 .debug_info    0x00000000      0x902 usbdrv/usbdrv.o
 .debug_info    0x00000902       0x64 usbdrv/oddebug.o
 .debug_info    0x00000966     0x105e matrix/matrix.o
 .debug_info    0x000019c4      0x170 matrix/keymap.o
 .debug_info    0x00001b34     0x1229 macro/macro.o
 .debug_info    0x00002d5d      0xe65 usbmain.o
 .debug_info    0x00003bc2      0xaf0 ps2main.o
 .debug_info    0x000046b2      0x32b keysta.o
 .debug_info    0x000049dd      0x282 main.o
 .debug_info    0x00004c5f      0x8e2 ./avrlib/timer.o
 .debug_info    0x00005541      0x6f9 led/ledM3.o
 *(.gnu.linkonce.wi.*)

.debug_abbrev   0x00000000     0x1482
 *(.debug_abbrev)
 .debug_abbrev  0x00000000      0x289 usbdrv/usbdrv.o
 .debug_abbrev  0x00000289       0x33 usbdrv/oddebug.o
 .debug_abbrev  0x000002bc      0x280 matrix/matrix.o
 .debug_abbrev  0x0000053c       0x6a matrix/keymap.o
 .debug_abbrev  0x000005a6      0x36a macro/macro.o
 .debug_abbrev  0x00000910      0x2f5 usbmain.o
 .debug_abbrev  0x00000c05      0x1d2 ps2main.o
 .debug_abbrev  0x00000dd7       0xe8 keysta.o
 .debug_abbrev  0x00000ebf      0x155 main.o
 .debug_abbrev  0x00001014      0x277 ./avrlib/timer.o
 .debug_abbrev  0x0000128b      0x1f7 led/ledM3.o

.debug_line     0x00000000     0x33bf
 *(.debug_line)
 .debug_line    0x00000000      0x418 usbdrv/usbdrv.o
 .debug_line    0x00000418       0x3e usbdrv/oddebug.o
 .debug_line    0x00000456      0x81d matrix/matrix.o
 .debug_line    0x00000c73       0x8a matrix/keymap.o
 .debug_line    0x00000cfd      0x942 macro/macro.o
 .debug_line    0x0000163f      0x501 usbmain.o
 .debug_line    0x00001b40      0x5d1 ps2main.o
 .debug_line    0x00002111      0x3d6 keysta.o
 .debug_line    0x000024e7      0x294 main.o
 .debug_line    0x0000277b      0x692 ./avrlib/timer.o
 .debug_line    0x00002e0d      0x5b2 led/ledM3.o

.debug_frame    0x00000000      0x7a0
 *(.debug_frame)
 .debug_frame   0x00000000       0x60 usbdrv/usbdrv.o
 .debug_frame   0x00000060       0xa0 matrix/matrix.o
 .debug_frame   0x00000100       0xf0 macro/macro.o
 .debug_frame   0x000001f0       0xd0 usbmain.o
 .debug_frame   0x000002c0       0xa0 ps2main.o
 .debug_frame   0x00000360       0x50 keysta.o
 .debug_frame   0x000003b0       0x60 main.o
 .debug_frame   0x00000410      0x290 ./avrlib/timer.o
 .debug_frame   0x000006a0      0x100 led/ledM3.o

.debug_str      0x00000000     0x1ac1
 *(.debug_str)
 .debug_str     0x00000000      0x3dc usbdrv/usbdrv.o
                                0x42b (size before relaxing)
 .debug_str     0x000003dc       0x11 usbdrv/oddebug.o
                                 0xb2 (size before relaxing)
 .debug_str     0x000003ed      0xa23 matrix/matrix.o
                                0xb35 (size before relaxing)
 .debug_str     0x00000e10       0x1d matrix/keymap.o
                                0x141 (size before relaxing)
 .debug_str     0x00000e2d      0x22b macro/macro.o
                                0xb80 (size before relaxing)
 .debug_str     0x00001058      0x1d5 usbmain.o
                                0xb29 (size before relaxing)
 .debug_str     0x0000122d      0x10d ps2main.o
                                0x8d0 (size before relaxing)
 .debug_str     0x0000133a      0x1b8 keysta.o
                                0x285 (size before relaxing)
 .debug_str     0x000014f2       0x42 main.o
                                0x22e (size before relaxing)
 .debug_str     0x00001534      0x329 ./avrlib/timer.o
                                0x410 (size before relaxing)
 .debug_str     0x0000185d      0x264 led/ledM3.o
                                0x48f (size before relaxing)

.debug_loc      0x00000000     0x1b6f
 *(.debug_loc)
 .debug_loc     0x00000000      0x3c5 usbdrv/usbdrv.o
 .debug_loc     0x000003c5      0x538 matrix/matrix.o
 .debug_loc     0x000008fd      0x7cd macro/macro.o
 .debug_loc     0x000010ca      0x2e8 usbmain.o
 .debug_loc     0x000013b2      0x26b ps2main.o
 .debug_loc     0x0000161d       0x13 keysta.o
 .debug_loc     0x00001630       0x52 main.o
 .debug_loc     0x00001682      0x1a9 ./avrlib/timer.o
 .debug_loc     0x0000182b      0x344 led/ledM3.o

.debug_macinfo
 *(.debug_macinfo)
OUTPUT(MX1830.elf elf32-avr)
LOAD linker stubs

.appinboot      0x00007c00       0x26
 .appinboot     0x00007c00       0x26 macro/macro.o
                0x00007c00                writepage

.debug_ranges   0x00000000      0x280
 .debug_ranges  0x00000000       0x50 usbdrv/usbdrv.o
 .debug_ranges  0x00000050       0x60 matrix/matrix.o
 .debug_ranges  0x000000b0      0x1d0 macro/macro.o

Cross Reference Table

Symbol                                            File
Bootloader                                        usbmain.o
DPpullEn                                          main.o
KFLA                                              ps2main.o
                                                  matrix/keymap.o
                                                  matrix/matrix.o
LEDstate                                          led/ledM3.o
                                                  ps2main.o
                                                  usbmain.o
                                                  matrix/matrix.o
MATRIX                                            ps2main.o
                                                  macro/macro.o
                                                  matrix/matrix.o
MacroAddr                                         macro/macro.o
Timer0Reg0                                        ./avrlib/timer.o
Timer2Reg0                                        ./avrlib/timer.o
TimerPauseReg                                     ./avrlib/timer.o
TimerPrescaleFactor                               ./avrlib/timer.o
TimerRTCPrescaleFactor                            ./avrlib/timer.o
__bad_interrupt                                   c:/winavr-20100110/bin/../lib/gcc/avr/4.3.3/../../../../avr/lib/avr5/crtm32.o
__bss_end                                         c:/winavr-20100110/bin/../lib/gcc/avr/4.3.3/avr5\libgcc.a(_clear_bss.o)
__bss_start                                       c:/winavr-20100110/bin/../lib/gcc/avr/4.3.3/avr5\libgcc.a(_clear_bss.o)
__data_end                                        c:/winavr-20100110/bin/../lib/gcc/avr/4.3.3/avr5\libgcc.a(_copy_data.o)
__data_load_start                                 c:/winavr-20100110/bin/../lib/gcc/avr/4.3.3/avr5\libgcc.a(_copy_data.o)
__data_start                                      c:/winavr-20100110/bin/../lib/gcc/avr/4.3.3/avr5\libgcc.a(_copy_data.o)
__divmodhi4                                       c:/winavr-20100110/bin/../lib/gcc/avr/4.3.3/avr5\libgcc.a(_divmodhi4.o)
                                                  led/ledM3.o
                                                  ps2main.o
__divmodsi4                                       c:/winavr-20100110/bin/../lib/gcc/avr/4.3.3/avr5\libgcc.a(_divmodsi4.o)
                                                  ps2main.o
__do_clear_bss                                    c:/winavr-20100110/bin/../lib/gcc/avr/4.3.3/avr5\libgcc.a(_clear_bss.o)
                                                  led/ledM3.o
                                                  ./avrlib/timer.o
                                                  main.o
                                                  keysta.o
                                                  ps2main.o
                                                  usbmain.o
                                                  macro/macro.o
                                                  matrix/keymap.o
                                                  matrix/matrix.o
                                                  usbdrv/usbdrv.o
__do_copy_data                                    c:/winavr-20100110/bin/../lib/gcc/avr/4.3.3/avr5\libgcc.a(_copy_data.o)
                                                  led/ledM3.o
                                                  ps2main.o
                                                  usbmain.o
                                                  macro/macro.o
                                                  matrix/keymap.o
                                                  matrix/matrix.o
                                                  usbdrv/usbdrv.o
__eerd_byte_m32                                   c:/winavr-20100110/bin/../lib/gcc/avr/4.3.3/../../../../avr/lib/avr5\libc.a(eerd_byte_atmega32.o)
                                                  led/ledM3.o
                                                  main.o
                                                  macro/macro.o
                                                  matrix/matrix.o
__eewr_byte_m32                                   c:/winavr-20100110/bin/../lib/gcc/avr/4.3.3/../../../../avr/lib/avr5\libc.a(eewr_byte_atmega32.o)
                                                  led/ledM3.o
                                                  main.o
                                                  macro/macro.o
                                                  matrix/matrix.o
__eewr_r18_m32                                    c:/winavr-20100110/bin/../lib/gcc/avr/4.3.3/../../../../avr/lib/avr5\libc.a(eewr_byte_atmega32.o)
__heap_end                                        c:/winavr-20100110/bin/../lib/gcc/avr/4.3.3/../../../../avr/lib/avr5/crtm32.o
__init                                            c:/winavr-20100110/bin/../lib/gcc/avr/4.3.3/../../../../avr/lib/avr5/crtm32.o
__mulsi3                                          c:/winavr-20100110/bin/../lib/gcc/avr/4.3.3/avr5\libgcc.a(_mulsi3.o)
                                                  ./avrlib/timer.o
                                                  ps2main.o
__stack                                           c:/winavr-20100110/bin/../lib/gcc/avr/4.3.3/../../../../avr/lib/avr5/crtm32.o
__udivmodhi4                                      c:/winavr-20100110/bin/../lib/gcc/avr/4.3.3/avr5\libgcc.a(_udivmodhi4.o)
                                                  c:/winavr-20100110/bin/../lib/gcc/avr/4.3.3/avr5\libgcc.a(_divmodhi4.o)
                                                  led/ledM3.o
__udivmodqi4                                      c:/winavr-20100110/bin/../lib/gcc/avr/4.3.3/avr5\libgcc.a(_udivmodqi4.o)
                                                  ps2main.o
__udivmodsi4                                      c:/winavr-20100110/bin/../lib/gcc/avr/4.3.3/avr5\libgcc.a(_udivmodsi4.o)
                                                  c:/winavr-20100110/bin/../lib/gcc/avr/4.3.3/avr5\libgcc.a(_divmodsi4.o)
                                                  ./avrlib/timer.o
__vector_1                                        usbdrv/usbdrvasm.o
                                                  c:/winavr-20100110/bin/../lib/gcc/avr/4.3.3/../../../../avr/lib/avr5/crtm32.o
__vector_10                                       ./avrlib/timer.o
                                                  c:/winavr-20100110/bin/../lib/gcc/avr/4.3.3/../../../../avr/lib/avr5/crtm32.o
__vector_11                                       ./avrlib/timer.o
                                                  c:/winavr-20100110/bin/../lib/gcc/avr/4.3.3/../../../../avr/lib/avr5/crtm32.o
__vector_12                                       c:/winavr-20100110/bin/../lib/gcc/avr/4.3.3/../../../../avr/lib/avr5/crtm32.o
__vector_13                                       c:/winavr-20100110/bin/../lib/gcc/avr/4.3.3/../../../../avr/lib/avr5/crtm32.o
__vector_14                                       c:/winavr-20100110/bin/../lib/gcc/avr/4.3.3/../../../../avr/lib/avr5/crtm32.o
__vector_15                                       c:/winavr-20100110/bin/../lib/gcc/avr/4.3.3/../../../../avr/lib/avr5/crtm32.o
__vector_16                                       c:/winavr-20100110/bin/../lib/gcc/avr/4.3.3/../../../../avr/lib/avr5/crtm32.o
__vector_17                                       c:/winavr-20100110/bin/../lib/gcc/avr/4.3.3/../../../../avr/lib/avr5/crtm32.o
__vector_18                                       c:/winavr-20100110/bin/../lib/gcc/avr/4.3.3/../../../../avr/lib/avr5/crtm32.o
__vector_19                                       c:/winavr-20100110/bin/../lib/gcc/avr/4.3.3/../../../../avr/lib/avr5/crtm32.o
__vector_2                                        c:/winavr-20100110/bin/../lib/gcc/avr/4.3.3/../../../../avr/lib/avr5/crtm32.o
__vector_20                                       c:/winavr-20100110/bin/../lib/gcc/avr/4.3.3/../../../../avr/lib/avr5/crtm32.o
__vector_3                                        c:/winavr-20100110/bin/../lib/gcc/avr/4.3.3/../../../../avr/lib/avr5/crtm32.o
__vector_4                                        ./avrlib/timer.o
                                                  c:/winavr-20100110/bin/../lib/gcc/avr/4.3.3/../../../../avr/lib/avr5/crtm32.o
__vector_5                                        ./avrlib/timer.o
                                                  c:/winavr-20100110/bin/../lib/gcc/avr/4.3.3/../../../../avr/lib/avr5/crtm32.o
__vector_6                                        ./avrlib/timer.o
                                                  c:/winavr-20100110/bin/../lib/gcc/avr/4.3.3/../../../../avr/lib/avr5/crtm32.o
__vector_7                                        ./avrlib/timer.o
                                                  c:/winavr-20100110/bin/../lib/gcc/avr/4.3.3/../../../../avr/lib/avr5/crtm32.o
__vector_8                                        ./avrlib/timer.o
                                                  c:/winavr-20100110/bin/../lib/gcc/avr/4.3.3/../../../../avr/lib/avr5/crtm32.o
__vector_9                                        ./avrlib/timer.o
                                                  c:/winavr-20100110/bin/../lib/gcc/avr/4.3.3/../../../../avr/lib/avr5/crtm32.o
__vector_default                                  c:/winavr-20100110/bin/../lib/gcc/avr/4.3.3/../../../../avr/lib/avr5/crtm32.o
__vectors                                         c:/winavr-20100110/bin/../lib/gcc/avr/4.3.3/../../../../avr/lib/avr5/crtm32.o
_div                                              c:/winavr-20100110/bin/../lib/gcc/avr/4.3.3/avr5\libgcc.a(_divmodhi4.o)
_exit                                             c:/winavr-20100110/bin/../lib/gcc/avr/4.3.3/avr5\libgcc.a(_exit.o)
bufcmp                                            usbmain.o
buildHIDreports                                   usbmain.o
                                                  matrix/matrix.o
charToKey                                         macro/macro.o
checkInterface                                    main.o
clear                                             ps2main.o
clearKey                                          macro/macro.o
clearReportBuffer                                 usbmain.o
                                                  matrix/matrix.o
cmpReportBuffer                                   usbmain.o
cntKey                                            matrix/matrix.o
                                                  macro/macro.o
cntLAlt                                           matrix/matrix.o
cntLGui                                           matrix/matrix.o
cntLcaps                                          matrix/matrix.o
cntLctrl                                          matrix/matrix.o
curMATRIX                                         macro/macro.o
                                                  matrix/matrix.o
debounceMATRIX                                    macro/macro.o
                                                  matrix/matrix.o
delay_us                                          ./avrlib/timer.o
enable_printf                                     main.o
exit                                              c:/winavr-20100110/bin/../lib/gcc/avr/4.3.3/avr5\libgcc.a(_exit.o)
                                                  c:/winavr-20100110/bin/../lib/gcc/avr/4.3.3/../../../../avr/lib/avr5/crtm32.o
expectReport                                      usbmain.o
extraReport                                       usbmain.o
flash_writeinpage                                 macro/macro.o
                                                  matrix/matrix.o
getLayer                                          matrix/matrix.o
getkey                                            macro/macro.o
initMacroAddr                                     macro/macro.o
                                                  main.o
interfaceReady                                    usbmain.o
isEmpty                                           ps2main.o
isFNpushed                                        matrix/matrix.o
isLED3000                                         matrix/matrix.o
kbd_flags                                         keysta.o
                                                  ps2main.o
                                                  macro/macro.o
kbd_get_rx_char                                   keysta.o
                                                  ps2main.o
kbd_init                                          keysta.o
                                                  ps2main.o
kbd_set_tx                                        keysta.o
                                                  ps2main.o
kbd_state                                         keysta.o
kbdsleepmode                                      matrix/matrix.o
keyboard_hid_report                               usbmain.o
keycode_set2                                      matrix/keymap.o
                                                  ps2main.o
keycode_set2_extend                               matrix/keymap.o
                                                  matrix/matrix.o
keycode_set2_make_break                           matrix/keymap.o
                                                  matrix/matrix.o
keycode_set2_makeonly                             matrix/keymap.o
                                                  matrix/matrix.o
keycode_set2_proc_shift                           matrix/keymap.o
                                                  matrix/matrix.o
keycode_set2_special                              matrix/keymap.o
                                                  matrix/matrix.o
keylock                                           matrix/matrix.o
keylockcnt                                        matrix/matrix.o
keymap                                            matrix/keymap.o
                                                  macro/macro.o
                                                  matrix/matrix.o
keymap_init                                       matrix/matrix.o
                                                  main.o
lastSent                                          ps2main.o
lastState                                         ps2main.o
layer                                             matrix/matrix.o
                                                  macro/macro.o
ledESCIndicator                                   led/ledM3.o
ledESCIndicatorIndex                              led/ledM3.o
ledESCIndicatorTimer                              led/ledM3.o
ledPRTIndicator                                   led/ledM3.o
ledPRTIndicatorIndex                              led/ledM3.o
ledPRTIndicatorTimer                              led/ledM3.o
ledPortBackup                                     matrix/matrix.o
led_3lockupdate                                   led/ledM3.o
                                                  ps2main.o
                                                  usbmain.o
                                                  matrix/matrix.o
led_ESCIndicater                                  led/ledM3.o
                                                  macro/macro.o
                                                  matrix/matrix.o
led_PRTIndicater                                  led/ledM3.o
                                                  matrix/matrix.o
led_blink                                         led/ledM3.o
                                                  matrix/matrix.o
led_check                                         led/ledM3.o
                                                  main.o
                                                  ps2main.o
led_fader                                         led/ledM3.o
                                                  matrix/matrix.o
led_mode_change                                   led/ledM3.o
                                                  matrix/matrix.o
led_mode_init                                     led/ledM3.o
                                                  main.o
                                                  ps2main.o
                                                  macro/macro.o
                                                  matrix/matrix.o
led_mode_save                                     led/ledM3.o
led_off                                           led/ledM3.o
                                                  main.o
                                                  usbmain.o
                                                  macro/macro.o
led_on                                            led/ledM3.o
                                                  main.o
                                                  usbmain.o
                                                  macro/macro.o
led_pushed_level_cal                              led/ledM3.o
                                                  matrix/matrix.o
led_wave_off                                      led/ledM3.o
led_wave_on                                       led/ledM3.o
led_wave_set                                      led/ledM3.o
ledkeypushedcnt                                   matrix/matrix.o
ledmode                                           led/ledM3.o
                                                  matrix/matrix.o
ledmodeIndex                                      led/ledM3.o
                                                  matrix/matrix.o
m_state                                           ps2main.o
macrobuffer                                       macro/macro.o
macroend                                          macro/macro.o
macrokeypushedcnt                                 matrix/matrix.o
macroresetcnt                                     matrix/matrix.o
macroresetdone                                    macro/macro.o
macrostart                                        macro/macro.o
main                                              main.o
                                                  c:/winavr-20100110/bin/../lib/gcc/avr/4.3.3/../../../../avr/lib/avr5/crtm32.o
matrixFN                                          matrix/matrix.o
memset                                            c:/winavr-20100110/bin/../lib/gcc/avr/4.3.3/../../../../avr/lib/avr5\libc.a(memset.o)
                                                  usbmain.o
mouse_hid_report                                  usbmain.o
mresetstart                                       macro/macro.o
oldextraReport                                    usbmain.o
playMacroPS2                                      macro/macro.o
                                                  matrix/matrix.o
playMacroUSB                                      macro/macro.o
                                                  matrix/matrix.o
pop                                               ps2main.o
                                                  macro/macro.o
portInit                                          main.o
printModifier                                     macro/macro.o
processPushedFNkeys                               matrix/matrix.o
processRX                                         ps2main.o
processReleasedFNkeys                             matrix/matrix.o
processTX                                         ps2main.o
ps2main                                           ps2main.o
                                                  main.o
push                                              ps2main.o
putKey                                            ps2main.o
                                                  macro/macro.o
                                                  matrix/matrix.o
recordMacro                                       macro/macro.o
                                                  matrix/matrix.o
reportIndex                                       usbmain.o
resetMacro                                        macro/macro.o
                                                  matrix/matrix.o
restoreReportBuffer                               usbmain.o
saveReportBuffer                                  usbmain.o
scankey                                           matrix/matrix.o
                                                  ps2main.o
                                                  usbmain.o
scankeycntms                                      matrix/matrix.o
                                                  led/ledM3.o
scanmatrix                                        matrix/matrix.o
                                                  macro/macro.o
sendKey                                           macro/macro.o
sendString                                        macro/macro.o
svkeyidx                                          matrix/matrix.o
swapAltGui                                        matrix/matrix.o
                                                  usbmain.o
swapCtrlCaps                                      matrix/matrix.o
swap_key                                          matrix/matrix.o
swap_save                                         matrix/matrix.o
timer0ClearOverflowCount                          ./avrlib/timer.o
timer0GetOverflowCount                            ./avrlib/timer.o
timer0GetPrescaler                                ./avrlib/timer.o
timer0Init                                        ./avrlib/timer.o
                                                  keysta.o
timer0SetPrescaler                                ./avrlib/timer.o
                                                  keysta.o
timer1GetPrescaler                                ./avrlib/timer.o
timer1Init                                        ./avrlib/timer.o
timer1PWMAOff                                     ./avrlib/timer.o
                                                  led/ledM3.o
timer1PWMAOn                                      ./avrlib/timer.o
                                                  led/ledM3.o
timer1PWMASet                                     ./avrlib/timer.o
                                                  led/ledM3.o
timer1PWMBOff                                     ./avrlib/timer.o
                                                  led/ledM3.o
timer1PWMBOn                                      ./avrlib/timer.o
                                                  led/ledM3.o
timer1PWMBSet                                     ./avrlib/timer.o
                                                  led/ledM3.o
timer1PWMInit                                     ./avrlib/timer.o
                                                  main.o
timer1PWMInitICR                                  ./avrlib/timer.o
timer1PWMOff                                      ./avrlib/timer.o
timer1SetPrescaler                                ./avrlib/timer.o
timer2ClearOverflowCount                          ./avrlib/timer.o
timer2GetOverflowCount                            ./avrlib/timer.o
timer2GetPrescaler                                ./avrlib/timer.o
timer2Init                                        ./avrlib/timer.o
timer2IntEnable                                   ./avrlib/timer.o
timer2PWMInit                                     ./avrlib/timer.o
                                                  main.o
timer2PWMOff                                      ./avrlib/timer.o
                                                  led/ledM3.o
timer2PWMOn                                       ./avrlib/timer.o
                                                  led/ledM3.o
timer2PWMSet                                      ./avrlib/timer.o
                                                  led/ledM3.o
timer2SetPrescaler                                ./avrlib/timer.o
timerAttach                                       ./avrlib/timer.o
                                                  keysta.o
timerDetach                                       ./avrlib/timer.o
timerInit                                         ./avrlib/timer.o
                                                  main.o
timerPause                                        ./avrlib/timer.o
toggle                                            usbmain.o
toggle2                                           usbmain.o
togglecaps                                        usbmain.o
togglescr                                         usbmain.o
txScanCode                                        ps2main.o
tx_state                                          ps2main.o
                                                  macro/macro.o
usbConfiguration                                  usbdrv/usbdrv.o
usbCrc16                                          usbdrv/usbdrvasm.o
usbCrc16Append                                    usbdrv/usbdrvasm.o
                                                  usbdrv/usbdrv.o
usbCurrentTok                                     usbdrv/usbdrv.o
                                                  usbdrv/usbdrvasm.o
usbDescriptorConfiguration                        usbmain.o
usbDescriptorDevice                               usbdrv/usbdrv.o
usbDescriptorString0                              usbdrv/usbdrv.o
usbDescriptorStringDevice                         usbdrv/usbdrv.o
usbDescriptorStringVendor                         usbdrv/usbdrv.o
usbDeviceAddr                                     usbdrv/usbdrv.o
                                                  usbdrv/usbdrvasm.o
usbFunctionDescriptor                             usbmain.o
                                                  usbdrv/usbdrv.o
usbFunctionSetup                                  usbmain.o
                                                  usbdrv/usbdrv.o
usbFunctionWrite                                  usbmain.o
                                                  usbdrv/usbdrv.o
usbInit                                           usbdrv/usbdrv.o
                                                  usbmain.o
usbInputBufOffset                                 usbdrv/usbdrv.o
                                                  usbdrv/usbdrvasm.o
usbMsgPtr                                         usbmain.o
                                                  usbdrv/usbdrv.o
usbNewDeviceAddr                                  usbdrv/usbdrv.o
                                                  usbdrv/usbdrvasm.o
usbPoll                                           usbdrv/usbdrv.o
                                                  usbmain.o
usbRollOver                                       usbmain.o
usbRxBuf                                          usbdrv/usbdrv.o
                                                  usbdrv/usbdrvasm.o
usbRxLen                                          usbdrv/usbdrv.o
                                                  usbdrv/usbdrvasm.o
usbRxToken                                        usbdrv/usbdrv.o
                                                  usbdrv/usbdrvasm.o
usbSendReport                                     macro/macro.o
usbSetInterrupt                                   usbdrv/usbdrv.o
                                                  usbmain.o
                                                  macro/macro.o
usbSetInterrupt3                                  usbdrv/usbdrv.o
                                                  usbmain.o
usbTxBuf                                          usbdrv/usbdrv.o
                                                  usbdrv/usbdrvasm.o
usbTxLen                                          usbdrv/usbdrv.o
                                                  usbdrv/usbdrvasm.o
usbTxStatus1                                      usbmain.o
                                                  macro/macro.o
                                                  usbdrv/usbdrv.o
                                                  usbdrv/usbdrvasm.o
usbTxStatus3                                      usbmain.o
                                                  usbdrv/usbdrv.o
                                                  usbdrv/usbdrvasm.o
usbmain                                           usbmain.o
                                                  main.o
usbmode                                           main.o
                                                  macro/macro.o
                                                  matrix/matrix.o
winkeylockcnt                                     matrix/matrix.o
writepage                                         macro/macro.o
