Archive member included because of file (symbol)

c:/winavr-20100110/bin/../lib/gcc/avr/4.3.3/avr5\libgcc.a(_mulsi3.o)
                              ../avrlib/timer.o (__mulsi3)
c:/winavr-20100110/bin/../lib/gcc/avr/4.3.3/avr5\libgcc.a(_udivmodqi4.o)
                              ps2main.o (__udivmodqi4)
c:/winavr-20100110/bin/../lib/gcc/avr/4.3.3/avr5\libgcc.a(_divmodhi4.o)
                              ps2main.o (__divmodhi4)
c:/winavr-20100110/bin/../lib/gcc/avr/4.3.3/avr5\libgcc.a(_udivmodsi4.o)
                              ../avrlib/timer.o (__udivmodsi4)
c:/winavr-20100110/bin/../lib/gcc/avr/4.3.3/avr5\libgcc.a(_divmodsi4.o)
                              ps2main.o (__divmodsi4)
c:/winavr-20100110/bin/../lib/gcc/avr/4.3.3/avr5\libgcc.a(_exit.o)
                              c:/winavr-20100110/bin/../lib/gcc/avr/4.3.3/../../../../avr/lib/avr5/crtm32.o (exit)
c:/winavr-20100110/bin/../lib/gcc/avr/4.3.3/avr5\libgcc.a(_copy_data.o)
                              ps2main.o (__do_copy_data)
c:/winavr-20100110/bin/../lib/gcc/avr/4.3.3/avr5\libgcc.a(_clear_bss.o)
                              ../avrlib/timer.o (__do_clear_bss)
c:/winavr-20100110/bin/../lib/gcc/avr/4.3.3/avr5\libgcc.a(_udivmodhi4.o)
                              c:/winavr-20100110/bin/../lib/gcc/avr/4.3.3/avr5\libgcc.a(_divmodhi4.o) (__udivmodhi4)
c:/winavr-20100110/bin/../lib/gcc/avr/4.3.3/../../../../avr/lib/avr5\libc.a(memset.o)
                              usbmain.o (memset)
c:/winavr-20100110/bin/../lib/gcc/avr/4.3.3/../../../../avr/lib/avr5\libc.a(eerd_byte_atmega32.o)
                              led.o (__eerd_byte_m32)
c:/winavr-20100110/bin/../lib/gcc/avr/4.3.3/../../../../avr/lib/avr5\libc.a(eewr_byte_atmega32.o)
                              led.o (__eewr_byte_m32)

Allocating common symbols
Common symbol       size              file

usbTxBuf            0xb               usbdrv/usbdrv.o
LEDstate            0x1               led.o
svkeyidx            0x68              matrix.o
MATRIX              0xd               matrix.o
usbTxStatus1        0xc               usbdrv/usbdrv.o
Timer0Reg0          0x4               ../avrlib/timer.o
TimerPauseReg       0x4               ../avrlib/timer.o
lastState           0x1               ps2main.o
Timer2Reg0          0x4               ../avrlib/timer.o
curMATRIX           0xd               matrix.o
usbDeviceAddr       0x1               usbdrv/usbdrv.o
usbRxToken          0x1               usbdrv/usbdrv.o
usbInputBufOffset   0x1               usbdrv/usbdrv.o
KFLA                0xac              keymap.o
reportIndex         0x1               usbmain.o
lastSent            0x1               ps2main.o
m_state             0x1               ps2main.o
usbMsgPtr           0x2               usbdrv/usbdrv.o
usbRxLen            0x1               usbdrv/usbdrv.o
kbd_state           0x1               keysta.o
usbNewDeviceAddr    0x1               usbdrv/usbdrv.o
matrixFN            0x1               matrix.o
usbCurrentTok       0x1               usbdrv/usbdrv.o
kbd_flags           0x1               keysta.o
usbConfiguration    0x1               usbdrv/usbdrv.o
usbRxBuf            0x16              usbdrv/usbdrv.o

Memory Configuration

Name             Origin             Length             Attributes
text             0x00000000         0x00020000         xr
data             0x00800060         0x0000ffa0         rw !x
eeprom           0x00810000         0x00010000         rw !x
fuse             0x00820000         0x00000400         rw !x
lock             0x00830000         0x00000400         rw !x
signature        0x00840000         0x00000400         rw !x
*default*        0x00000000         0xffffffff

Linker script and memory map

LOAD c:/winavr-20100110/bin/../lib/gcc/avr/4.3.3/../../../../avr/lib/avr5/crtm32.o
LOAD usbdrv/usbdrvasm.o
LOAD ../avrlib/timer.o
LOAD ps2main.o
LOAD keysta.o
LOAD usbmain.o
LOAD usbdrv/usbdrv.o
LOAD usbdrv/oddebug.o
LOAD matrix.o
LOAD led.o
LOAD keymap.o
LOAD main.o
LOAD c:/winavr-20100110/bin/../lib/gcc/avr/4.3.3/avr5\libgcc.a
LOAD c:/winavr-20100110/bin/../lib/gcc/avr/4.3.3/../../../../avr/lib/avr5\libc.a
LOAD c:/winavr-20100110/bin/../lib/gcc/avr/4.3.3/avr5\libgcc.a

.hash
 *(.hash)

.dynsym
 *(.dynsym)

.dynstr
 *(.dynstr)

.gnu.version
 *(.gnu.version)

.gnu.version_d
 *(.gnu.version_d)

.gnu.version_r
 *(.gnu.version_r)

.rel.init
 *(.rel.init)

.rela.init
 *(.rela.init)

.rel.text
 *(.rel.text)
 *(.rel.text.*)
 *(.rel.gnu.linkonce.t*)

.rela.text
 *(.rela.text)
 *(.rela.text.*)
 *(.rela.gnu.linkonce.t*)

.rel.fini
 *(.rel.fini)

.rela.fini
 *(.rela.fini)

.rel.rodata
 *(.rel.rodata)
 *(.rel.rodata.*)
 *(.rel.gnu.linkonce.r*)

.rela.rodata
 *(.rela.rodata)
 *(.rela.rodata.*)
 *(.rela.gnu.linkonce.r*)

.rel.data
 *(.rel.data)
 *(.rel.data.*)
 *(.rel.gnu.linkonce.d*)

.rela.data
 *(.rela.data)
 *(.rela.data.*)
 *(.rela.gnu.linkonce.d*)

.rel.ctors
 *(.rel.ctors)

.rela.ctors
 *(.rela.ctors)

.rel.dtors
 *(.rel.dtors)

.rela.dtors
 *(.rela.dtors)

.rel.got
 *(.rel.got)

.rela.got
 *(.rela.got)

.rel.bss
 *(.rel.bss)

.rela.bss
 *(.rela.bss)

.rel.plt
 *(.rel.plt)

.rela.plt
 *(.rela.plt)

.text           0x00000000     0x2674
 *(.vectors)
 .vectors       0x00000000       0x54 c:/winavr-20100110/bin/../lib/gcc/avr/4.3.3/../../../../avr/lib/avr5/crtm32.o
                0x00000000                __vectors
                0x00000000                __vector_default
 *(.vectors)
 *(.progmem.gcc*)
 .progmem.gcc_sw_table
                0x00000054       0xbe usbmain.o
 *(.progmem*)
 .progmem.data  0x00000112       0x1c ../avrlib/timer.o
                0x0000011e                TimerRTCPrescaleFactor
                0x00000112                TimerPrescaleFactor
 .progmem.data  0x0000012e       0x3f usbmain.o
                0x0000012e                usbDescriptorHidReport
 .progmem.data  0x0000016d       0x56 usbdrv/usbdrv.o
                0x0000018f                usbDescriptorDevice
                0x0000016d                usbDescriptorString0
                0x000001a1                usbDescriptorConfiguration
                0x00000171                usbDescriptorStringVendor
                0x0000017d                usbDescriptorStringDevice
 .progmem.data  0x000001c3      0x22b keymap.o
                0x0000027a                keycode_set2_extend
                0x000001c3                keycode_set2
                0x0000026f                keycode_set2_special
                0x000002b6                keymap_code
                0x00000276                keycode_set2_make_break
                0x00000272                keycode_set2_makeonly
                0x000002a7                keycode_set2_proc_shift
                0x000003ee                . = ALIGN (0x2)
                0x000003ee                __trampolines_start = .
 *(.trampolines)
 .trampolines   0x000003ee        0x0 linker stubs
 *(.trampolines*)
                0x000003ee                __trampolines_end = .
 *(.jumptables)
 *(.jumptables*)
 *(.lowtext)
 *(.lowtext*)
                0x000003ee                __ctors_start = .
 *(.ctors)
                0x000003ee                __ctors_end = .
                0x000003ee                __dtors_start = .
 *(.dtors)
                0x000003ee                __dtors_end = .
 SORT(*)(.ctors)
 SORT(*)(.dtors)
 *(.init0)
 .init0         0x000003ee        0x0 c:/winavr-20100110/bin/../lib/gcc/avr/4.3.3/../../../../avr/lib/avr5/crtm32.o
                0x000003ee                __init
 *(.init0)
 *(.init1)
 *(.init1)
 *(.init2)
 .init2         0x000003ee        0xc c:/winavr-20100110/bin/../lib/gcc/avr/4.3.3/../../../../avr/lib/avr5/crtm32.o
 *(.init2)
 *(.init3)
 *(.init3)
 *(.init4)
 .init4         0x000003fa       0x16 c:/winavr-20100110/bin/../lib/gcc/avr/4.3.3/avr5\libgcc.a(_copy_data.o)
                0x000003fa                __do_copy_data
 .init4         0x00000410       0x10 c:/winavr-20100110/bin/../lib/gcc/avr/4.3.3/avr5\libgcc.a(_clear_bss.o)
                0x00000410                __do_clear_bss
 *(.init4)
 *(.init5)
 *(.init5)
 *(.init6)
 *(.init6)
 *(.init7)
 *(.init7)
 *(.init8)
 *(.init8)
 *(.init9)
 .init9         0x00000420        0x8 c:/winavr-20100110/bin/../lib/gcc/avr/4.3.3/../../../../avr/lib/avr5/crtm32.o
 *(.init9)
 *(.text)
 .text          0x00000428        0x4 c:/winavr-20100110/bin/../lib/gcc/avr/4.3.3/../../../../avr/lib/avr5/crtm32.o
                0x00000428                __vector_12
                0x00000428                __bad_interrupt
                0x00000428                __vector_3
                0x00000428                __vector_13
                0x00000428                __vector_17
                0x00000428                __vector_19
                0x00000428                __vector_2
                0x00000428                __vector_15
                0x00000428                __vector_14
                0x00000428                __vector_16
                0x00000428                __vector_18
                0x00000428                __vector_20
 .text          0x0000042c      0x2a6 usbdrv/usbdrvasm.o
                0x0000045e                __vector_1
                0x0000042c                usbCrc16
                0x00000456                usbCrc16Append
 .text          0x000006d2      0x6ac ../avrlib/timer.o
                0x00000966                timer2GetOverflowCount
                0x00000802                timerDetach
                0x0000078a                timer1SetPrescaler
                0x00000a22                timer1PWMBOff
                0x000007d2                timer2GetPrescaler
                0x00000778                timer2IntEnable
                0x00000cca                __vector_6
                0x00000732                timer0Init
                0x00000a14                timer1PWMAOff
                0x00000a36                timer1PWMBSet
                0x00000a3c                __vector_11
                0x000009ac                timer1PWMInitICR
                0x0000079e                timer0GetPrescaler
                0x00000c16                __vector_7
                0x0000093e                timer0GetOverflowCount
                0x00000b3c                __vector_5
                0x000006d4                timerInit
                0x00000794                timer2SetPrescaler
                0x000009f8                timer1PWMAOn
                0x00000780                timer0SetPrescaler
                0x000006d2                delay_us
                0x00000d24                __vector_4
                0x0000092c                timer0ClearOverflowCount
                0x00000ae2                __vector_9
                0x0000074e                timer1Init
                0x0000097c                timer1PWMInit
                0x00000a06                timer1PWMBOn
                0x0000075c                timer2Init
                0x00000c70                __vector_8
                0x00000a30                timer1PWMASet
                0x000007ec                timerAttach
                0x000009d2                timer1PWMOff
                0x00000bbc                __vector_10
                0x000007b8                timer1GetPrescaler
                0x00000954                timer2ClearOverflowCount
                0x00000818                timerPause
 .text          0x00000d7e      0x61a ps2main.o
                0x0000134a                ps2main
                0x00000e94                putKey
                0x00000fc6                processTX
                0x00000fae                tx_state
                0x000011ca                processRX
                0x00000e5c                clear
                0x00000e06                pop
                0x00000e3e                isEmpty
                0x00000d7e                push
 .text          0x00001398      0x27a keysta.o
                0x000013b6                kbd_get_rx_char
                0x000015e6                kbd_init
                0x00001398                kbd_set_tx
 .text          0x00001612      0x3e2 usbmain.o
                0x000017b4                usbSendReport
                0x00001862                clearReportBuffer
                0x0000188e                saveReportBuffer
                0x00001612                usbFunctionSetup
                0x00001764                bufcmp
                0x0000178e                cmpReportBuffer
                0x000018a2                usbmain
                0x0000187a                restoreReportBuffer
                0x0000180e                buildHIDreports
                0x0000198e                sendString
                0x000017fe                sendKey
                0x0000168c                charToKey
                0x000019d2                usbFunctionWrite
 .text          0x000019f4      0x2a6 usbdrv/usbdrv.o
                0x00001a0e                usbPoll
                0x00001c54                usbSetInterrupt
                0x000019f4                usbInit
 .text          0x00001c9a        0x0 usbdrv/oddebug.o
 .text          0x00001c9a      0x406 matrix.o
                0x00001d8e                getLayer
                0x00001c9a                keymap_init
                0x00001e32                scankey
                0x00001df8                processFNkeys
 .text          0x000020a0      0x3b4 led.o
                0x0000223c                led_fader
                0x000021c2                led_blink
                0x000020a0                led_3lockupdate
                0x00002140                led_pushed_level_cal
                0x00002172                led_mode_change
                0x000020d8                led_check
                0x000021aa                led_mode_init
 .text          0x00002454        0x0 keymap.o
 .text          0x00002454       0xc6 main.o
                0x00002454                enable_printf
                0x00002456                DPpullEn
                0x0000248a                checkInterface
                0x000024d0                main
                0x0000246e                portInit
 .text          0x0000251a        0x0 c:/winavr-20100110/bin/../lib/gcc/avr/4.3.3/avr5\libgcc.a(_mulsi3.o)
 .text          0x0000251a        0x0 c:/winavr-20100110/bin/../lib/gcc/avr/4.3.3/avr5\libgcc.a(_udivmodqi4.o)
 .text          0x0000251a        0x0 c:/winavr-20100110/bin/../lib/gcc/avr/4.3.3/avr5\libgcc.a(_divmodhi4.o)
 .text          0x0000251a        0x0 c:/winavr-20100110/bin/../lib/gcc/avr/4.3.3/avr5\libgcc.a(_udivmodsi4.o)
 .text          0x0000251a        0x0 c:/winavr-20100110/bin/../lib/gcc/avr/4.3.3/avr5\libgcc.a(_divmodsi4.o)
 .text          0x0000251a        0x0 c:/winavr-20100110/bin/../lib/gcc/avr/4.3.3/avr5\libgcc.a(_exit.o)
 .text          0x0000251a        0x0 c:/winavr-20100110/bin/../lib/gcc/avr/4.3.3/avr5\libgcc.a(_copy_data.o)
 .text          0x0000251a        0x0 c:/winavr-20100110/bin/../lib/gcc/avr/4.3.3/avr5\libgcc.a(_clear_bss.o)
 .text          0x0000251a        0x0 c:/winavr-20100110/bin/../lib/gcc/avr/4.3.3/avr5\libgcc.a(_udivmodhi4.o)
 .text          0x0000251a        0x0 c:/winavr-20100110/bin/../lib/gcc/avr/4.3.3/../../../../avr/lib/avr5\libc.a(memset.o)
 .text          0x0000251a        0x0 c:/winavr-20100110/bin/../lib/gcc/avr/4.3.3/../../../../avr/lib/avr5\libc.a(eerd_byte_atmega32.o)
 .text          0x0000251a        0x0 c:/winavr-20100110/bin/../lib/gcc/avr/4.3.3/../../../../avr/lib/avr5\libc.a(eewr_byte_atmega32.o)
                0x0000251a                . = ALIGN (0x2)
 *(.text.*)
 .text.libgcc   0x0000251a       0x3e c:/winavr-20100110/bin/../lib/gcc/avr/4.3.3/avr5\libgcc.a(_mulsi3.o)
                0x0000251a                __mulsi3
 .text.libgcc   0x00002558       0x18 c:/winavr-20100110/bin/../lib/gcc/avr/4.3.3/avr5\libgcc.a(_udivmodqi4.o)
                0x00002558                __udivmodqi4
 .text.libgcc   0x00002570       0x26 c:/winavr-20100110/bin/../lib/gcc/avr/4.3.3/avr5\libgcc.a(_divmodhi4.o)
                0x00002570                __divmodhi4
                0x00002570                _div
 .text.libgcc   0x00002596       0x44 c:/winavr-20100110/bin/../lib/gcc/avr/4.3.3/avr5\libgcc.a(_udivmodsi4.o)
                0x00002596                __udivmodsi4
 .text.libgcc   0x000025da       0x36 c:/winavr-20100110/bin/../lib/gcc/avr/4.3.3/avr5\libgcc.a(_divmodsi4.o)
                0x000025da                __divmodsi4
 .text.libgcc   0x00002610        0x0 c:/winavr-20100110/bin/../lib/gcc/avr/4.3.3/avr5\libgcc.a(_exit.o)
 .text.libgcc   0x00002610        0x0 c:/winavr-20100110/bin/../lib/gcc/avr/4.3.3/avr5\libgcc.a(_copy_data.o)
 .text.libgcc   0x00002610        0x0 c:/winavr-20100110/bin/../lib/gcc/avr/4.3.3/avr5\libgcc.a(_clear_bss.o)
 .text.libgcc   0x00002610       0x28 c:/winavr-20100110/bin/../lib/gcc/avr/4.3.3/avr5\libgcc.a(_udivmodhi4.o)
                0x00002610                __udivmodhi4
 .text.avr-libc
                0x00002638        0xe c:/winavr-20100110/bin/../lib/gcc/avr/4.3.3/../../../../avr/lib/avr5\libc.a(memset.o)
                0x00002638                memset
 .text.avr-libc
                0x00002646       0x10 c:/winavr-20100110/bin/../lib/gcc/avr/4.3.3/../../../../avr/lib/avr5\libc.a(eerd_byte_atmega32.o)
                0x00002646                __eerd_byte_m32
 .text.avr-libc
                0x00002656       0x1a c:/winavr-20100110/bin/../lib/gcc/avr/4.3.3/../../../../avr/lib/avr5\libc.a(eewr_byte_atmega32.o)
                0x00002658                __eewr_r18_m32
                0x00002656                __eewr_byte_m32
                0x00002670                . = ALIGN (0x2)
 *(.fini9)
 .fini9         0x00002670        0x0 c:/winavr-20100110/bin/../lib/gcc/avr/4.3.3/avr5\libgcc.a(_exit.o)
                0x00002670                exit
                0x00002670                _exit
 *(.fini9)
 *(.fini8)
 *(.fini8)
 *(.fini7)
 *(.fini7)
 *(.fini6)
 *(.fini6)
 *(.fini5)
 *(.fini5)
 *(.fini4)
 *(.fini4)
 *(.fini3)
 *(.fini3)
 *(.fini2)
 *(.fini2)
 *(.fini1)
 *(.fini1)
 *(.fini0)
 .fini0         0x00002670        0x4 c:/winavr-20100110/bin/../lib/gcc/avr/4.3.3/avr5\libgcc.a(_exit.o)
 *(.fini0)
                0x00002674                _etext = .

.data           0x00800060       0x22 load address 0x00002674
                0x00800060                PROVIDE (__data_start, .)
 *(.data)
 .data          0x00800060        0x0 c:/winavr-20100110/bin/../lib/gcc/avr/4.3.3/../../../../avr/lib/avr5/crtm32.o
 .data          0x00800060        0x0 usbdrv/usbdrvasm.o
 .data          0x00800060        0x0 ../avrlib/timer.o
 .data          0x00800060        0x5 ps2main.o
 .data          0x00800065        0x0 keysta.o
 .data          0x00800065       0x13 usbmain.o
                0x00800065                modifierBitmap
 .data          0x00800078        0x2 usbdrv/usbdrv.o
                0x00800078                usbTxLen
 .data          0x0080007a        0x0 usbdrv/oddebug.o
 .data          0x0080007a        0x0 matrix.o
 .data          0x0080007a        0x6 led.o
                0x0080007c                brigspeed
                0x0080007a                speed
 .data          0x00800080        0x0 keymap.o
 .data          0x00800080        0x1 main.o
                0x00800080                usbmode
 .data          0x00800081        0x0 c:/winavr-20100110/bin/../lib/gcc/avr/4.3.3/avr5\libgcc.a(_mulsi3.o)
 .data          0x00800081        0x0 c:/winavr-20100110/bin/../lib/gcc/avr/4.3.3/avr5\libgcc.a(_udivmodqi4.o)
 .data          0x00800081        0x0 c:/winavr-20100110/bin/../lib/gcc/avr/4.3.3/avr5\libgcc.a(_divmodhi4.o)
 .data          0x00800081        0x0 c:/winavr-20100110/bin/../lib/gcc/avr/4.3.3/avr5\libgcc.a(_udivmodsi4.o)
 .data          0x00800081        0x0 c:/winavr-20100110/bin/../lib/gcc/avr/4.3.3/avr5\libgcc.a(_divmodsi4.o)
 .data          0x00800081        0x0 c:/winavr-20100110/bin/../lib/gcc/avr/4.3.3/avr5\libgcc.a(_exit.o)
 .data          0x00800081        0x0 c:/winavr-20100110/bin/../lib/gcc/avr/4.3.3/avr5\libgcc.a(_copy_data.o)
 .data          0x00800081        0x0 c:/winavr-20100110/bin/../lib/gcc/avr/4.3.3/avr5\libgcc.a(_clear_bss.o)
 .data          0x00800081        0x0 c:/winavr-20100110/bin/../lib/gcc/avr/4.3.3/avr5\libgcc.a(_udivmodhi4.o)
 .data          0x00800081        0x0 c:/winavr-20100110/bin/../lib/gcc/avr/4.3.3/../../../../avr/lib/avr5\libc.a(memset.o)
 .data          0x00800081        0x0 c:/winavr-20100110/bin/../lib/gcc/avr/4.3.3/../../../../avr/lib/avr5\libc.a(eerd_byte_atmega32.o)
 .data          0x00800081        0x0 c:/winavr-20100110/bin/../lib/gcc/avr/4.3.3/../../../../avr/lib/avr5\libc.a(eewr_byte_atmega32.o)
 *(.data*)
 *(.rodata)
 *(.rodata*)
 *(.gnu.linkonce.d*)
                0x00800082                . = ALIGN (0x2)
 *fill*         0x00800081        0x1 00
                0x00800082                _edata = .
                0x00800082                PROVIDE (__data_end, .)

.bss            0x00800082      0x28f
                0x00800082                PROVIDE (__bss_start, .)
 *(.bss)
 .bss           0x00800082        0x0 c:/winavr-20100110/bin/../lib/gcc/avr/4.3.3/../../../../avr/lib/avr5/crtm32.o
 .bss           0x00800082        0x0 usbdrv/usbdrvasm.o
 .bss           0x00800082       0x10 ../avrlib/timer.o
 .bss           0x00800092       0xdf ps2main.o
                0x00800092                txScanCode
 .bss           0x00800171        0x4 keysta.o
 .bss           0x00800175       0x14 usbmain.o
                0x00800175                interfaceReady
                0x00800177                usbRollOver
                0x00800176                expectReport
 .bss           0x00800189        0x1 usbdrv/usbdrv.o
 .bss           0x0080018a        0x0 usbdrv/oddebug.o
 .bss           0x0080018a        0x7 matrix.o
                0x0080018e                kbdsleepmode
                0x0080018a                scankeycntms
                0x0080018f                toggle
 .bss           0x00800191        0x8 led.o
                0x00800193                pwmDir
                0x00800191                led_mode
 .bss           0x00800199        0x0 keymap.o
 .bss           0x00800199        0x0 main.o
 .bss           0x00800199        0x0 c:/winavr-20100110/bin/../lib/gcc/avr/4.3.3/avr5\libgcc.a(_mulsi3.o)
 .bss           0x00800199        0x0 c:/winavr-20100110/bin/../lib/gcc/avr/4.3.3/avr5\libgcc.a(_udivmodqi4.o)
 .bss           0x00800199        0x0 c:/winavr-20100110/bin/../lib/gcc/avr/4.3.3/avr5\libgcc.a(_divmodhi4.o)
 .bss           0x00800199        0x0 c:/winavr-20100110/bin/../lib/gcc/avr/4.3.3/avr5\libgcc.a(_udivmodsi4.o)
 .bss           0x00800199        0x0 c:/winavr-20100110/bin/../lib/gcc/avr/4.3.3/avr5\libgcc.a(_divmodsi4.o)
 .bss           0x00800199        0x0 c:/winavr-20100110/bin/../lib/gcc/avr/4.3.3/avr5\libgcc.a(_exit.o)
 .bss           0x00800199        0x0 c:/winavr-20100110/bin/../lib/gcc/avr/4.3.3/avr5\libgcc.a(_copy_data.o)
 .bss           0x00800199        0x0 c:/winavr-20100110/bin/../lib/gcc/avr/4.3.3/avr5\libgcc.a(_clear_bss.o)
 .bss           0x00800199        0x0 c:/winavr-20100110/bin/../lib/gcc/avr/4.3.3/avr5\libgcc.a(_udivmodhi4.o)
 .bss           0x00800199        0x0 c:/winavr-20100110/bin/../lib/gcc/avr/4.3.3/../../../../avr/lib/avr5\libc.a(memset.o)
 .bss           0x00800199        0x0 c:/winavr-20100110/bin/../lib/gcc/avr/4.3.3/../../../../avr/lib/avr5\libc.a(eerd_byte_atmega32.o)
 .bss           0x00800199        0x0 c:/winavr-20100110/bin/../lib/gcc/avr/4.3.3/../../../../avr/lib/avr5\libc.a(eewr_byte_atmega32.o)
 *(.bss*)
 *(COMMON)
 COMMON         0x00800199        0xc ../avrlib/timer.o
                0x00800199                Timer0Reg0
                0x0080019d                TimerPauseReg
                0x008001a1                Timer2Reg0
 COMMON         0x008001a5        0x3 ps2main.o
                0x008001a5                lastState
                0x008001a6                lastSent
                0x008001a7                m_state
 COMMON         0x008001a8        0x2 keysta.o
                0x008001a8                kbd_state
                0x008001a9                kbd_flags
 COMMON         0x008001aa        0x1 usbmain.o
                0x008001aa                reportIndex
 COMMON         0x008001ab       0x36 usbdrv/usbdrv.o
                0x008001ab                usbTxBuf
                0x008001b6                usbTxStatus1
                0x008001c2                usbDeviceAddr
                0x008001c3                usbRxToken
                0x008001c4                usbInputBufOffset
                0x008001c5                usbMsgPtr
                0x008001c7                usbRxLen
                0x008001c8                usbNewDeviceAddr
                0x008001c9                usbCurrentTok
                0x008001ca                usbConfiguration
                0x008001cb                usbRxBuf
 COMMON         0x008001e1       0x83 matrix.o
                0x008001e1                svkeyidx
                0x00800249                MATRIX
                0x00800256                curMATRIX
                0x00800263                matrixFN
 COMMON         0x00800264        0x1 led.o
                0x00800264                LEDstate
 COMMON         0x00800265       0xac keymap.o
                0x00800265                KFLA
                0x00800311                PROVIDE (__bss_end, .)
                0x00002674                __data_load_start = LOADADDR (.data)
                0x00002696                __data_load_end = (__data_load_start + SIZEOF (.data))

.noinit         0x00800311        0x0
                0x00800311                PROVIDE (__noinit_start, .)
 *(.noinit*)
                0x00800311                PROVIDE (__noinit_end, .)
                0x00800311                _end = .
                0x00800311                PROVIDE (__heap_start, .)

.eeprom         0x00810000        0x0
 *(.eeprom*)
                0x00810000                __eeprom_end = .

.fuse
 *(.fuse)
 *(.lfuse)
 *(.hfuse)
 *(.efuse)

.lock
 *(.lock*)

.signature
 *(.signature*)

.stab
 *(.stab)

.stabstr
 *(.stabstr)

.stab.excl
 *(.stab.excl)

.stab.exclstr
 *(.stab.exclstr)

.stab.index
 *(.stab.index)

.stab.indexstr
 *(.stab.indexstr)

.comment
 *(.comment)

.debug
 *(.debug)

.line
 *(.line)

.debug_srcinfo
 *(.debug_srcinfo)

.debug_sfnames
 *(.debug_sfnames)

.debug_aranges  0x00000000      0x100
 *(.debug_aranges)
 .debug_aranges
                0x00000000       0x20 ../avrlib/timer.o
 .debug_aranges
                0x00000020       0x20 ps2main.o
 .debug_aranges
                0x00000040       0x20 keysta.o
 .debug_aranges
                0x00000060       0x20 usbmain.o
 .debug_aranges
                0x00000080       0x20 usbdrv/usbdrv.o
 .debug_aranges
                0x000000a0       0x20 matrix.o
 .debug_aranges
                0x000000c0       0x20 led.o
 .debug_aranges
                0x000000e0       0x20 main.o

.debug_pubnames
                0x00000000      0x9bc
 *(.debug_pubnames)
 .debug_pubnames
                0x00000000      0x316 ../avrlib/timer.o
 .debug_pubnames
                0x00000316       0xaf ps2main.o
 .debug_pubnames
                0x000003c5       0x5e keysta.o
 .debug_pubnames
                0x00000423      0x16b usbmain.o
 .debug_pubnames
                0x0000058e      0x190 usbdrv/usbdrv.o
 .debug_pubnames
                0x0000071e       0xad matrix.o
 .debug_pubnames
                0x000007cb       0xcc led.o
 .debug_pubnames
                0x00000897       0xbf keymap.o
 .debug_pubnames
                0x00000956       0x66 main.o

.debug_info     0x00000000     0x3c50
 *(.debug_info)
 .debug_info    0x00000000      0x862 ../avrlib/timer.o
 .debug_info    0x00000862      0x88b ps2main.o
 .debug_info    0x000010ed      0x32b keysta.o
 .debug_info    0x00001418      0xbc0 usbmain.o
 .debug_info    0x00001fd8      0x8e7 usbdrv/usbdrv.o
 .debug_info    0x000028bf       0x64 usbdrv/oddebug.o
 .debug_info    0x00002923      0xbaa matrix.o
 .debug_info    0x000034cd      0x3a0 led.o
 .debug_info    0x0000386d      0x191 keymap.o
 .debug_info    0x000039fe      0x252 main.o
 *(.gnu.linkonce.wi.*)

.debug_abbrev   0x00000000     0x105d
 *(.debug_abbrev)
 .debug_abbrev  0x00000000      0x266 ../avrlib/timer.o
 .debug_abbrev  0x00000266      0x1b8 ps2main.o
 .debug_abbrev  0x0000041e       0xe8 keysta.o
 .debug_abbrev  0x00000506      0x391 usbmain.o
 .debug_abbrev  0x00000897      0x2ac usbdrv/usbdrv.o
 .debug_abbrev  0x00000b43       0x33 usbdrv/oddebug.o
 .debug_abbrev  0x00000b76      0x1fa matrix.o
 .debug_abbrev  0x00000d70      0x144 led.o
 .debug_abbrev  0x00000eb4       0x6a keymap.o
 .debug_abbrev  0x00000f1e      0x13f main.o

.debug_line     0x00000000     0x2494
 *(.debug_line)
 .debug_line    0x00000000      0x615 ../avrlib/timer.o
 .debug_line    0x00000615      0x5ad ps2main.o
 .debug_line    0x00000bc2      0x3cb keysta.o
 .debug_line    0x00000f8d      0x57a usbmain.o
 .debug_line    0x00001507      0x3be usbdrv/usbdrv.o
 .debug_line    0x000018c5       0x3e usbdrv/oddebug.o
 .debug_line    0x00001903      0x44c matrix.o
 .debug_line    0x00001d4f      0x453 led.o
 .debug_line    0x000021a2       0x83 keymap.o
 .debug_line    0x00002225      0x26f main.o

.debug_frame    0x00000000      0x590
 *(.debug_frame)
 .debug_frame   0x00000000      0x250 ../avrlib/timer.o
 .debug_frame   0x00000250       0xa0 ps2main.o
 .debug_frame   0x000002f0       0x50 keysta.o
 .debug_frame   0x00000340       0xe0 usbmain.o
 .debug_frame   0x00000420       0x40 usbdrv/usbdrv.o
 .debug_frame   0x00000460       0x50 matrix.o
 .debug_frame   0x000004b0       0x80 led.o
 .debug_frame   0x00000530       0x60 main.o

.debug_str      0x00000000     0x153d
 *(.debug_str)
 .debug_str     0x00000000      0x39d ../avrlib/timer.o
                                0x3df (size before relaxing)
 .debug_str     0x0000039d      0x762 ps2main.o
                                0x856 (size before relaxing)
 .debug_str     0x00000aff      0x1b8 keysta.o
                                0x285 (size before relaxing)
 .debug_str     0x00000cb7      0x307 usbmain.o
                                0xa30 (size before relaxing)
 .debug_str     0x00000fbe      0x275 usbdrv/usbdrv.o
                                0x3fa (size before relaxing)
 .debug_str     0x00001233       0x11 usbdrv/oddebug.o
                                 0xb2 (size before relaxing)
 .debug_str     0x00001244      0x1fd matrix.o
                                0x960 (size before relaxing)
 .debug_str     0x00001441       0xb1 led.o
                                0x27b (size before relaxing)
 .debug_str     0x000014f2        0x9 keymap.o
                                0x13f (size before relaxing)
 .debug_str     0x000014fb       0x42 main.o
                                0x19a (size before relaxing)

.debug_loc      0x00000000      0xf91
 *(.debug_loc)
 .debug_loc     0x00000000      0x196 ../avrlib/timer.o
 .debug_loc     0x00000196      0x26b ps2main.o
 .debug_loc     0x00000401       0x13 keysta.o
 .debug_loc     0x00000414      0x32f usbmain.o
 .debug_loc     0x00000743      0x35e usbdrv/usbdrv.o
 .debug_loc     0x00000aa1      0x3a6 matrix.o
 .debug_loc     0x00000e47      0x119 led.o
 .debug_loc     0x00000f60       0x31 main.o

.debug_macinfo
 *(.debug_macinfo)
OUTPUT(main.elf elf32-avr)
LOAD linker stubs

.debug_ranges   0x00000000       0x80
 .debug_ranges  0x00000000       0x38 usbdrv/usbdrv.o
 .debug_ranges  0x00000038       0x48 matrix.o

Cross Reference Table

Symbol                                            File
DPpullEn                                          main.o
KFLA                                              keymap.o
                                                  matrix.o
                                                  ps2main.o
LEDstate                                          led.o
                                                  usbmain.o
                                                  ps2main.o
MATRIX                                            matrix.o
                                                  ps2main.o
Timer0Reg0                                        ../avrlib/timer.o
Timer2Reg0                                        ../avrlib/timer.o
TimerPauseReg                                     ../avrlib/timer.o
TimerPrescaleFactor                               ../avrlib/timer.o
TimerRTCPrescaleFactor                            ../avrlib/timer.o
__bad_interrupt                                   c:/winavr-20100110/bin/../lib/gcc/avr/4.3.3/../../../../avr/lib/avr5/crtm32.o
__bss_end                                         c:/winavr-20100110/bin/../lib/gcc/avr/4.3.3/avr5\libgcc.a(_clear_bss.o)
__bss_start                                       c:/winavr-20100110/bin/../lib/gcc/avr/4.3.3/avr5\libgcc.a(_clear_bss.o)
__data_end                                        c:/winavr-20100110/bin/../lib/gcc/avr/4.3.3/avr5\libgcc.a(_copy_data.o)
__data_load_start                                 c:/winavr-20100110/bin/../lib/gcc/avr/4.3.3/avr5\libgcc.a(_copy_data.o)
__data_start                                      c:/winavr-20100110/bin/../lib/gcc/avr/4.3.3/avr5\libgcc.a(_copy_data.o)
__divmodhi4                                       c:/winavr-20100110/bin/../lib/gcc/avr/4.3.3/avr5\libgcc.a(_divmodhi4.o)
                                                  led.o
                                                  ps2main.o
__divmodsi4                                       c:/winavr-20100110/bin/../lib/gcc/avr/4.3.3/avr5\libgcc.a(_divmodsi4.o)
                                                  ps2main.o
__do_clear_bss                                    c:/winavr-20100110/bin/../lib/gcc/avr/4.3.3/avr5\libgcc.a(_clear_bss.o)
                                                  keymap.o
                                                  led.o
                                                  matrix.o
                                                  usbdrv/usbdrv.o
                                                  usbmain.o
                                                  keysta.o
                                                  ps2main.o
                                                  ../avrlib/timer.o
__do_copy_data                                    c:/winavr-20100110/bin/../lib/gcc/avr/4.3.3/avr5\libgcc.a(_copy_data.o)
                                                  main.o
                                                  led.o
                                                  usbdrv/usbdrv.o
                                                  usbmain.o
                                                  ps2main.o
__eerd_byte_m32                                   c:/winavr-20100110/bin/../lib/gcc/avr/4.3.3/../../../../avr/lib/avr5\libc.a(eerd_byte_atmega32.o)
                                                  main.o
                                                  led.o
__eewr_byte_m32                                   c:/winavr-20100110/bin/../lib/gcc/avr/4.3.3/../../../../avr/lib/avr5\libc.a(eewr_byte_atmega32.o)
                                                  main.o
                                                  led.o
__eewr_r18_m32                                    c:/winavr-20100110/bin/../lib/gcc/avr/4.3.3/../../../../avr/lib/avr5\libc.a(eewr_byte_atmega32.o)
__heap_end                                        c:/winavr-20100110/bin/../lib/gcc/avr/4.3.3/../../../../avr/lib/avr5/crtm32.o
__init                                            c:/winavr-20100110/bin/../lib/gcc/avr/4.3.3/../../../../avr/lib/avr5/crtm32.o
__mulsi3                                          c:/winavr-20100110/bin/../lib/gcc/avr/4.3.3/avr5\libgcc.a(_mulsi3.o)
                                                  ps2main.o
                                                  ../avrlib/timer.o
__stack                                           c:/winavr-20100110/bin/../lib/gcc/avr/4.3.3/../../../../avr/lib/avr5/crtm32.o
__udivmodhi4                                      c:/winavr-20100110/bin/../lib/gcc/avr/4.3.3/avr5\libgcc.a(_udivmodhi4.o)
                                                  c:/winavr-20100110/bin/../lib/gcc/avr/4.3.3/avr5\libgcc.a(_divmodhi4.o)
__udivmodqi4                                      c:/winavr-20100110/bin/../lib/gcc/avr/4.3.3/avr5\libgcc.a(_udivmodqi4.o)
                                                  ps2main.o
__udivmodsi4                                      c:/winavr-20100110/bin/../lib/gcc/avr/4.3.3/avr5\libgcc.a(_udivmodsi4.o)
                                                  c:/winavr-20100110/bin/../lib/gcc/avr/4.3.3/avr5\libgcc.a(_divmodsi4.o)
                                                  ../avrlib/timer.o
__vector_1                                        usbdrv/usbdrvasm.o
                                                  c:/winavr-20100110/bin/../lib/gcc/avr/4.3.3/../../../../avr/lib/avr5/crtm32.o
__vector_10                                       ../avrlib/timer.o
                                                  c:/winavr-20100110/bin/../lib/gcc/avr/4.3.3/../../../../avr/lib/avr5/crtm32.o
__vector_11                                       ../avrlib/timer.o
                                                  c:/winavr-20100110/bin/../lib/gcc/avr/4.3.3/../../../../avr/lib/avr5/crtm32.o
__vector_12                                       c:/winavr-20100110/bin/../lib/gcc/avr/4.3.3/../../../../avr/lib/avr5/crtm32.o
__vector_13                                       c:/winavr-20100110/bin/../lib/gcc/avr/4.3.3/../../../../avr/lib/avr5/crtm32.o
__vector_14                                       c:/winavr-20100110/bin/../lib/gcc/avr/4.3.3/../../../../avr/lib/avr5/crtm32.o
__vector_15                                       c:/winavr-20100110/bin/../lib/gcc/avr/4.3.3/../../../../avr/lib/avr5/crtm32.o
__vector_16                                       c:/winavr-20100110/bin/../lib/gcc/avr/4.3.3/../../../../avr/lib/avr5/crtm32.o
__vector_17                                       c:/winavr-20100110/bin/../lib/gcc/avr/4.3.3/../../../../avr/lib/avr5/crtm32.o
__vector_18                                       c:/winavr-20100110/bin/../lib/gcc/avr/4.3.3/../../../../avr/lib/avr5/crtm32.o
__vector_19                                       c:/winavr-20100110/bin/../lib/gcc/avr/4.3.3/../../../../avr/lib/avr5/crtm32.o
__vector_2                                        c:/winavr-20100110/bin/../lib/gcc/avr/4.3.3/../../../../avr/lib/avr5/crtm32.o
__vector_20                                       c:/winavr-20100110/bin/../lib/gcc/avr/4.3.3/../../../../avr/lib/avr5/crtm32.o
__vector_3                                        c:/winavr-20100110/bin/../lib/gcc/avr/4.3.3/../../../../avr/lib/avr5/crtm32.o
__vector_4                                        ../avrlib/timer.o
                                                  c:/winavr-20100110/bin/../lib/gcc/avr/4.3.3/../../../../avr/lib/avr5/crtm32.o
__vector_5                                        ../avrlib/timer.o
                                                  c:/winavr-20100110/bin/../lib/gcc/avr/4.3.3/../../../../avr/lib/avr5/crtm32.o
__vector_6                                        ../avrlib/timer.o
                                                  c:/winavr-20100110/bin/../lib/gcc/avr/4.3.3/../../../../avr/lib/avr5/crtm32.o
__vector_7                                        ../avrlib/timer.o
                                                  c:/winavr-20100110/bin/../lib/gcc/avr/4.3.3/../../../../avr/lib/avr5/crtm32.o
__vector_8                                        ../avrlib/timer.o
                                                  c:/winavr-20100110/bin/../lib/gcc/avr/4.3.3/../../../../avr/lib/avr5/crtm32.o
__vector_9                                        ../avrlib/timer.o
                                                  c:/winavr-20100110/bin/../lib/gcc/avr/4.3.3/../../../../avr/lib/avr5/crtm32.o
__vector_default                                  c:/winavr-20100110/bin/../lib/gcc/avr/4.3.3/../../../../avr/lib/avr5/crtm32.o
__vectors                                         c:/winavr-20100110/bin/../lib/gcc/avr/4.3.3/../../../../avr/lib/avr5/crtm32.o
_div                                              c:/winavr-20100110/bin/../lib/gcc/avr/4.3.3/avr5\libgcc.a(_divmodhi4.o)
_exit                                             c:/winavr-20100110/bin/../lib/gcc/avr/4.3.3/avr5\libgcc.a(_exit.o)
brigspeed                                         led.o
bufcmp                                            usbmain.o
buildHIDreports                                   usbmain.o
                                                  matrix.o
charToKey                                         usbmain.o
checkInterface                                    main.o
clear                                             ps2main.o
clearReportBuffer                                 usbmain.o
                                                  matrix.o
cmpReportBuffer                                   usbmain.o
curMATRIX                                         matrix.o
delay_us                                          ../avrlib/timer.o
enable_printf                                     main.o
exit                                              c:/winavr-20100110/bin/../lib/gcc/avr/4.3.3/avr5\libgcc.a(_exit.o)
                                                  c:/winavr-20100110/bin/../lib/gcc/avr/4.3.3/../../../../avr/lib/avr5/crtm32.o
expectReport                                      usbmain.o
getLayer                                          matrix.o
interfaceReady                                    usbmain.o
isEmpty                                           ps2main.o
kbd_flags                                         keysta.o
                                                  ps2main.o
kbd_get_rx_char                                   keysta.o
                                                  ps2main.o
kbd_init                                          keysta.o
                                                  ps2main.o
kbd_set_tx                                        keysta.o
                                                  ps2main.o
kbd_state                                         keysta.o
kbdsleepmode                                      matrix.o
                                                  led.o
keycode_set2                                      keymap.o
                                                  ps2main.o
keycode_set2_extend                               keymap.o
                                                  matrix.o
keycode_set2_make_break                           keymap.o
                                                  matrix.o
keycode_set2_makeonly                             keymap.o
                                                  matrix.o
keycode_set2_proc_shift                           keymap.o
                                                  matrix.o
keycode_set2_special                              keymap.o
                                                  matrix.o
keymap_code                                       keymap.o
                                                  matrix.o
keymap_init                                       matrix.o
                                                  main.o
lastSent                                          ps2main.o
lastState                                         ps2main.o
led_3lockupdate                                   led.o
                                                  usbmain.o
                                                  ps2main.o
led_blink                                         led.o
                                                  matrix.o
led_check                                         led.o
                                                  main.o
                                                  ps2main.o
led_fader                                         led.o
                                                  matrix.o
led_mode                                          led.o
                                                  matrix.o
led_mode_change                                   led.o
                                                  matrix.o
led_mode_init                                     led.o
                                                  main.o
                                                  ps2main.o
led_pushed_level_cal                              led.o
                                                  matrix.o
m_state                                           ps2main.o
main                                              main.o
                                                  c:/winavr-20100110/bin/../lib/gcc/avr/4.3.3/../../../../avr/lib/avr5/crtm32.o
matrixFN                                          matrix.o
memset                                            c:/winavr-20100110/bin/../lib/gcc/avr/4.3.3/../../../../avr/lib/avr5\libc.a(memset.o)
                                                  usbmain.o
modifierBitmap                                    usbmain.o
pop                                               ps2main.o
portInit                                          main.o
processFNkeys                                     matrix.o
processRX                                         ps2main.o
processTX                                         ps2main.o
ps2main                                           ps2main.o
                                                  main.o
push                                              ps2main.o
putKey                                            ps2main.o
                                                  matrix.o
pwmDir                                            led.o
reportIndex                                       usbmain.o
restoreReportBuffer                               usbmain.o
saveReportBuffer                                  usbmain.o
scankey                                           matrix.o
                                                  usbmain.o
                                                  ps2main.o
scankeycntms                                      matrix.o
                                                  led.o
sendKey                                           usbmain.o
sendString                                        usbmain.o
speed                                             led.o
svkeyidx                                          matrix.o
timer0ClearOverflowCount                          ../avrlib/timer.o
timer0GetOverflowCount                            ../avrlib/timer.o
timer0GetPrescaler                                ../avrlib/timer.o
timer0Init                                        ../avrlib/timer.o
timer0SetPrescaler                                ../avrlib/timer.o
timer1GetPrescaler                                ../avrlib/timer.o
timer1Init                                        ../avrlib/timer.o
timer1PWMAOff                                     ../avrlib/timer.o
timer1PWMAOn                                      ../avrlib/timer.o
timer1PWMASet                                     ../avrlib/timer.o
timer1PWMBOff                                     ../avrlib/timer.o
                                                  led.o
timer1PWMBOn                                      ../avrlib/timer.o
                                                  led.o
timer1PWMBSet                                     ../avrlib/timer.o
                                                  led.o
timer1PWMInit                                     ../avrlib/timer.o
                                                  main.o
timer1PWMInitICR                                  ../avrlib/timer.o
timer1PWMOff                                      ../avrlib/timer.o
timer1SetPrescaler                                ../avrlib/timer.o
timer2ClearOverflowCount                          ../avrlib/timer.o
timer2GetOverflowCount                            ../avrlib/timer.o
timer2GetPrescaler                                ../avrlib/timer.o
timer2Init                                        ../avrlib/timer.o
                                                  keysta.o
timer2IntEnable                                   ../avrlib/timer.o
                                                  main.o
timer2SetPrescaler                                ../avrlib/timer.o
                                                  keysta.o
timerAttach                                       ../avrlib/timer.o
                                                  keysta.o
timerDetach                                       ../avrlib/timer.o
timerInit                                         ../avrlib/timer.o
                                                  main.o
timerPause                                        ../avrlib/timer.o
toggle                                            matrix.o
txScanCode                                        ps2main.o
tx_state                                          ps2main.o
usbConfiguration                                  usbdrv/usbdrv.o
usbCrc16                                          usbdrv/usbdrvasm.o
usbCrc16Append                                    usbdrv/usbdrvasm.o
                                                  usbdrv/usbdrv.o
usbCurrentTok                                     usbdrv/usbdrv.o
                                                  usbdrv/usbdrvasm.o
usbDescriptorConfiguration                        usbdrv/usbdrv.o
usbDescriptorDevice                               usbdrv/usbdrv.o
usbDescriptorHidReport                            usbmain.o
                                                  usbdrv/usbdrv.o
usbDescriptorString0                              usbdrv/usbdrv.o
usbDescriptorStringDevice                         usbdrv/usbdrv.o
usbDescriptorStringVendor                         usbdrv/usbdrv.o
usbDeviceAddr                                     usbdrv/usbdrv.o
                                                  usbdrv/usbdrvasm.o
usbFunctionSetup                                  usbmain.o
                                                  usbdrv/usbdrv.o
usbFunctionWrite                                  usbmain.o
                                                  usbdrv/usbdrv.o
usbInit                                           usbdrv/usbdrv.o
                                                  usbmain.o
usbInputBufOffset                                 usbdrv/usbdrv.o
                                                  usbdrv/usbdrvasm.o
usbMsgPtr                                         usbdrv/usbdrv.o
                                                  usbmain.o
usbNewDeviceAddr                                  usbdrv/usbdrv.o
                                                  usbdrv/usbdrvasm.o
usbPoll                                           usbdrv/usbdrv.o
                                                  usbmain.o
usbRollOver                                       usbmain.o
usbRxBuf                                          usbdrv/usbdrv.o
                                                  usbdrv/usbdrvasm.o
usbRxLen                                          usbdrv/usbdrv.o
                                                  usbdrv/usbdrvasm.o
usbRxToken                                        usbdrv/usbdrv.o
                                                  usbdrv/usbdrvasm.o
usbSendReport                                     usbmain.o
usbSetInterrupt                                   usbdrv/usbdrv.o
                                                  usbmain.o
usbTxBuf                                          usbdrv/usbdrv.o
                                                  usbdrv/usbdrvasm.o
usbTxLen                                          usbdrv/usbdrv.o
                                                  usbdrv/usbdrvasm.o
usbTxStatus1                                      usbdrv/usbdrv.o
                                                  usbmain.o
                                                  usbdrv/usbdrvasm.o
usbmain                                           usbmain.o
                                                  main.o
usbmode                                           main.o
                                                  matrix.o
                                                  usbmain.o
